Component: Arm Compiler for Embedded 6.18 Tool: armlink [5e4cc100]

==============================================================================

Section Cross References

    startup_stm32h503xx.o(RESET) refers to startup_stm32h503xx.o(STACK) for __initial_sp
    startup_stm32h503xx.o(RESET) refers to startup_stm32h503xx.o(.text) for Reset_Handler
    startup_stm32h503xx.o(RESET) refers to stm32h5xx_it.o(.text.NMI_Handler) for NMI_Handler
    startup_stm32h503xx.o(RESET) refers to stm32h5xx_it.o(.text.HardFault_Handler) for HardFault_Handler
    startup_stm32h503xx.o(RESET) refers to stm32h5xx_it.o(.text.MemManage_Handler) for MemManage_Handler
    startup_stm32h503xx.o(RESET) refers to stm32h5xx_it.o(.text.BusFault_Handler) for BusFault_Handler
    startup_stm32h503xx.o(RESET) refers to stm32h5xx_it.o(.text.UsageFault_Handler) for UsageFault_Handler
    startup_stm32h503xx.o(RESET) refers to stm32h5xx_it.o(.text.SVC_Handler) for SVC_Handler
    startup_stm32h503xx.o(RESET) refers to stm32h5xx_it.o(.text.DebugMon_Handler) for DebugMon_Handler
    startup_stm32h503xx.o(RESET) refers to stm32h5xx_it.o(.text.PendSV_Handler) for PendSV_Handler
    startup_stm32h503xx.o(RESET) refers to stm32h5xx_it.o(.text.SysTick_Handler) for SysTick_Handler
    startup_stm32h503xx.o(.text) refers to system_stm32h5xx.o(.text.SystemInit) for SystemInit
    startup_stm32h503xx.o(.text) refers to entry.o(.ARM.Collect$$$$00000000) for __main
    main.o(.text.main) refers to stm32h5xx_hal.o(.text.HAL_Init) for HAL_Init
    main.o(.text.main) refers to main.o(.text.SystemClock_Config) for SystemClock_Config
    main.o(.text.main) refers to gpio.o(.text.MX_GPIO_Init) for MX_GPIO_Init
    main.o(.text.main) refers to icache.o(.text.MX_ICACHE_Init) for MX_ICACHE_Init
    main.o(.text.main) refers to app_tof.o(.text.MX_TOF_Init) for MX_TOF_Init
    main.o(.text.main) refers to app_tof.o(.text.MX_TOF_Process) for MX_TOF_Process
    main.o(.ARM.exidx.text.main) refers to main.o(.text.main) for [Anonymous Symbol]
    main.o(.text.SystemClock_Config) refers to memseta.o(.text) for __aeabi_memclr4
    main.o(.text.SystemClock_Config) refers to stm32h5xx_hal_rcc.o(.text.HAL_RCC_OscConfig) for HAL_RCC_OscConfig
    main.o(.text.SystemClock_Config) refers to stm32h5xx_hal_rcc.o(.text.HAL_RCC_ClockConfig) for HAL_RCC_ClockConfig
    main.o(.ARM.exidx.text.SystemClock_Config) refers to main.o(.text.SystemClock_Config) for [Anonymous Symbol]
    main.o(.ARM.exidx.text.Error_Handler) refers to main.o(.text.Error_Handler) for [Anonymous Symbol]
    gpio.o(.text.MX_GPIO_Init) refers to stm32h5xx_hal_gpio.o(.text.HAL_GPIO_WritePin) for HAL_GPIO_WritePin
    gpio.o(.text.MX_GPIO_Init) refers to stm32h5xx_hal_gpio.o(.text.HAL_GPIO_Init) for HAL_GPIO_Init
    gpio.o(.ARM.exidx.text.MX_GPIO_Init) refers to gpio.o(.text.MX_GPIO_Init) for [Anonymous Symbol]
    icache.o(.text.MX_ICACHE_Init) refers to stm32h5xx_hal_icache.o(.text.HAL_ICACHE_ConfigAssociativityMode) for HAL_ICACHE_ConfigAssociativityMode
    icache.o(.text.MX_ICACHE_Init) refers to main.o(.text.Error_Handler) for Error_Handler
    icache.o(.text.MX_ICACHE_Init) refers to stm32h5xx_hal_icache.o(.text.HAL_ICACHE_Enable) for HAL_ICACHE_Enable
    icache.o(.ARM.exidx.text.MX_ICACHE_Init) refers to icache.o(.text.MX_ICACHE_Init) for [Anonymous Symbol]
    custom_bus.o(.text.BSP_I2C1_Init) refers to custom_bus.o(.bss..L_MergedGlobals) for .L_MergedGlobals
    custom_bus.o(.text.BSP_I2C1_Init) refers to stm32h5xx_hal_i2c.o(.text.HAL_I2C_GetState) for HAL_I2C_GetState
    custom_bus.o(.text.BSP_I2C1_Init) refers to memseta.o(.text) for __aeabi_memclr8
    custom_bus.o(.text.BSP_I2C1_Init) refers to stm32h5xx_hal_rcc_ex.o(.text.HAL_RCCEx_PeriphCLKConfig) for HAL_RCCEx_PeriphCLKConfig
    custom_bus.o(.text.BSP_I2C1_Init) refers to stm32h5xx_hal_gpio.o(.text.HAL_GPIO_Init) for HAL_GPIO_Init
    custom_bus.o(.text.BSP_I2C1_Init) refers to custom_bus.o(.text.MX_I2C1_Init) for MX_I2C1_Init
    custom_bus.o(.text.BSP_I2C1_Init) refers to stm32h5xx_hal_i2c_ex.o(.text.HAL_I2CEx_ConfigAnalogFilter) for HAL_I2CEx_ConfigAnalogFilter
    custom_bus.o(.ARM.exidx.text.BSP_I2C1_Init) refers to custom_bus.o(.text.BSP_I2C1_Init) for [Anonymous Symbol]
    custom_bus.o(.text.MX_I2C1_Init) refers to stm32h5xx_hal_i2c.o(.text.HAL_I2C_Init) for HAL_I2C_Init
    custom_bus.o(.text.MX_I2C1_Init) refers to stm32h5xx_hal_i2c_ex.o(.text.HAL_I2CEx_ConfigAnalogFilter) for HAL_I2CEx_ConfigAnalogFilter
    custom_bus.o(.text.MX_I2C1_Init) refers to stm32h5xx_hal_i2c_ex.o(.text.HAL_I2CEx_ConfigDigitalFilter) for HAL_I2CEx_ConfigDigitalFilter
    custom_bus.o(.ARM.exidx.text.MX_I2C1_Init) refers to custom_bus.o(.text.MX_I2C1_Init) for [Anonymous Symbol]
    custom_bus.o(.text.BSP_I2C1_DeInit) refers to custom_bus.o(.bss..L_MergedGlobals) for .L_MergedGlobals
    custom_bus.o(.text.BSP_I2C1_DeInit) refers to stm32h5xx_hal_gpio.o(.text.HAL_GPIO_DeInit) for HAL_GPIO_DeInit
[...]
    Removing stm32h5xx_hal_uart.o(.text.HAL_UART_GetError), (6 bytes).
    Removing stm32h5xx_hal_uart.o(.ARM.exidx.text.HAL_UART_GetError), (8 bytes).
    Removing stm32h5xx_hal_uart.o(.text.UART_RxISR_16BIT_FIFOEN), (802 bytes).
    Removing stm32h5xx_hal_uart.o(.ARM.exidx.text.UART_RxISR_16BIT_FIFOEN), (8 bytes).
    Removing stm32h5xx_hal_uart.o(.text.UART_RxISR_8BIT_FIFOEN), (806 bytes).
    Removing stm32h5xx_hal_uart.o(.ARM.exidx.text.UART_RxISR_8BIT_FIFOEN), (8 bytes).
    Removing stm32h5xx_hal_uart.o(.text.UART_RxISR_16BIT), (438 bytes).
    Removing stm32h5xx_hal_uart.o(.ARM.exidx.text.UART_RxISR_16BIT), (8 bytes).
    Removing stm32h5xx_hal_uart.o(.text.UART_RxISR_8BIT), (438 bytes).
    Removing stm32h5xx_hal_uart.o(.ARM.exidx.text.UART_RxISR_8BIT), (8 bytes).
    Removing stm32h5xx_hal_uart.o(.text.UART_DMAReceiveCplt), (276 bytes).
    Removing stm32h5xx_hal_uart.o(.ARM.exidx.text.UART_DMAReceiveCplt), (8 bytes).
    Removing stm32h5xx_hal_uart.o(.text.UART_DMARxHalfCplt), (26 bytes).
    Removing stm32h5xx_hal_uart.o(.ARM.exidx.text.UART_DMARxHalfCplt), (8 bytes).
    Removing stm32h5xx_hal_uart_ex.o(.text), (0 bytes).
    Removing stm32h5xx_hal_uart_ex.o(.text.HAL_RS485Ex_Init), (132 bytes).
    Removing stm32h5xx_hal_uart_ex.o(.ARM.exidx.text.HAL_RS485Ex_Init), (8 bytes).
    Removing stm32h5xx_hal_uart_ex.o(.text.HAL_UARTEx_WakeupCallback), (2 bytes).
    Removing stm32h5xx_hal_uart_ex.o(.ARM.exidx.text.HAL_UARTEx_WakeupCallback), (8 bytes).
    Removing stm32h5xx_hal_uart_ex.o(.text.HAL_UARTEx_RxFifoFullCallback), (2 bytes).
    Removing stm32h5xx_hal_uart_ex.o(.ARM.exidx.text.HAL_UARTEx_RxFifoFullCallback), (8 bytes).
    Removing stm32h5xx_hal_uart_ex.o(.text.HAL_UARTEx_TxFifoEmptyCallback), (2 bytes).
    Removing stm32h5xx_hal_uart_ex.o(.ARM.exidx.text.HAL_UARTEx_TxFifoEmptyCallback), (8 bytes).
    Removing stm32h5xx_hal_uart_ex.o(.text.HAL_MultiProcessorEx_AddressLength_Set), (46 bytes).
    Removing stm32h5xx_hal_uart_ex.o(.ARM.exidx.text.HAL_MultiProcessorEx_AddressLength_Set), (8 bytes).
    Removing stm32h5xx_hal_uart_ex.o(.text.HAL_UARTEx_StopModeWakeUpSourceConfig), (144 bytes).
    Removing stm32h5xx_hal_uart_ex.o(.ARM.exidx.text.HAL_UARTEx_StopModeWakeUpSourceConfig), (8 bytes).
    Removing stm32h5xx_hal_uart_ex.o(.text.HAL_UARTEx_EnableStopMode), (104 bytes).
    Removing stm32h5xx_hal_uart_ex.o(.ARM.exidx.text.HAL_UARTEx_EnableStopMode), (8 bytes).
    Removing stm32h5xx_hal_uart_ex.o(.text.HAL_UARTEx_DisableStopMode), (104 bytes).
    Removing stm32h5xx_hal_uart_ex.o(.ARM.exidx.text.HAL_UARTEx_DisableStopMode), (8 bytes).
    Removing stm32h5xx_hal_uart_ex.o(.text.HAL_UARTEx_EnableFifoMode), (122 bytes).
    Removing stm32h5xx_hal_uart_ex.o(.ARM.exidx.text.HAL_UARTEx_EnableFifoMode), (8 bytes).
    Removing stm32h5xx_hal_uart_ex.o(.ARM.exidx.text.HAL_UARTEx_DisableFifoMode), (8 bytes).
    Removing stm32h5xx_hal_uart_ex.o(.ARM.exidx.text.HAL_UARTEx_SetTxFifoThreshold), (8 bytes).
    Removing stm32h5xx_hal_uart_ex.o(.ARM.exidx.text.HAL_UARTEx_SetRxFifoThreshold), (8 bytes).
    Removing stm32h5xx_hal_uart_ex.o(.text.HAL_UARTEx_ReceiveToIdle), (472 bytes).
    Removing stm32h5xx_hal_uart_ex.o(.ARM.exidx.text.HAL_UARTEx_ReceiveToIdle), (8 bytes).
    Removing stm32h5xx_hal_uart_ex.o(.text.HAL_UARTEx_ReceiveToIdle_IT), (182 bytes).
    Removing stm32h5xx_hal_uart_ex.o(.ARM.exidx.text.HAL_UARTEx_ReceiveToIdle_IT), (8 bytes).
    Removing stm32h5xx_hal_uart_ex.o(.text.HAL_UARTEx_ReceiveToIdle_DMA), (168 bytes).
    Removing stm32h5xx_hal_uart_ex.o(.ARM.exidx.text.HAL_UARTEx_ReceiveToIdle_DMA), (8 bytes).
    Removing stm32h5xx_hal_uart_ex.o(.text.HAL_UARTEx_GetRxEventType), (4 bytes).
    Removing stm32h5xx_hal_uart_ex.o(.ARM.exidx.text.HAL_UARTEx_GetRxEventType), (8 bytes).
    Removing stm32h5xx_hal_icache.o(.text), (0 bytes).
    Removing stm32h5xx_hal_icache.o(.ARM.exidx.text.HAL_ICACHE_ConfigAssociativityMode), (8 bytes).
    Removing stm32h5xx_hal_icache.o(.text.HAL_ICACHE_DeInit), (56 bytes).
    Removing stm32h5xx_hal_icache.o(.ARM.exidx.text.HAL_ICACHE_DeInit), (8 bytes).
    Removing stm32h5xx_hal_icache.o(.ARM.exidx.text.HAL_ICACHE_Enable), (8 bytes).
    Removing stm32h5xx_hal_icache.o(.text.HAL_ICACHE_Disable), (68 bytes).
    Removing stm32h5xx_hal_icache.o(.ARM.exidx.text.HAL_ICACHE_Disable), (8 bytes).
    Removing stm32h5xx_hal_icache.o(.text.HAL_ICACHE_IsEnabled), (16 bytes).
    Removing stm32h5xx_hal_icache.o(.ARM.exidx.text.HAL_ICACHE_IsEnabled), (8 bytes).
    Removing stm32h5xx_hal_icache.o(.text.HAL_ICACHE_Invalidate), (88 bytes).
    Removing stm32h5xx_hal_icache.o(.ARM.exidx.text.HAL_ICACHE_Invalidate), (8 bytes).
    Removing stm32h5xx_hal_icache.o(.text.HAL_ICACHE_WaitForInvalidateComplete), (72 bytes).
    Removing stm32h5xx_hal_icache.o(.ARM.exidx.text.HAL_ICACHE_WaitForInvalidateComplete), (8 bytes).
    Removing stm32h5xx_hal_icache.o(.text.HAL_ICACHE_Invalidate_IT), (42 bytes).
    Removing stm32h5xx_hal_icache.o(.ARM.exidx.text.HAL_ICACHE_Invalidate_IT), (8 bytes).
    Removing stm32h5xx_hal_icache.o(.text.HAL_ICACHE_Monitor_Start), (18 bytes).
    Removing stm32h5xx_hal_icache.o(.ARM.exidx.text.HAL_ICACHE_Monitor_Start), (8 bytes).
    Removing stm32h5xx_hal_icache.o(.text.HAL_ICACHE_Monitor_Stop), (18 bytes).
    Removing stm32h5xx_hal_icache.o(.ARM.exidx.text.HAL_ICACHE_Monitor_Stop), (8 bytes).
    Removing stm32h5xx_hal_icache.o(.text.HAL_ICACHE_Monitor_Reset), (28 bytes).
    Removing stm32h5xx_hal_icache.o(.ARM.exidx.text.HAL_ICACHE_Monitor_Reset), (8 bytes).
    Removing stm32h5xx_hal_icache.o(.text.HAL_ICACHE_Monitor_GetHitValue), (12 bytes).
    Removing stm32h5xx_hal_icache.o(.ARM.exidx.text.HAL_ICACHE_Monitor_GetHitValue), (8 bytes).
    Removing stm32h5xx_hal_icache.o(.text.HAL_ICACHE_Monitor_GetMissValue), (12 bytes).
    Removing stm32h5xx_hal_icache.o(.ARM.exidx.text.HAL_ICACHE_Monitor_GetMissValue), (8 bytes).
    Removing stm32h5xx_hal_icache.o(.text.HAL_ICACHE_IRQHandler), (66 bytes).
    Removing stm32h5xx_hal_icache.o(.ARM.exidx.text.HAL_ICACHE_IRQHandler), (8 bytes).
    Removing stm32h5xx_hal_icache.o(.text.HAL_ICACHE_ErrorCallback), (2 bytes).
    Removing stm32h5xx_hal_icache.o(.ARM.exidx.text.HAL_ICACHE_ErrorCallback), (8 bytes).
    Removing stm32h5xx_hal_icache.o(.text.HAL_ICACHE_InvalidateCompleteCallback), (2 bytes).
    Removing stm32h5xx_hal_icache.o(.ARM.exidx.text.HAL_ICACHE_InvalidateCompleteCallback), (8 bytes).
    Removing stm32h5xx_hal_tim.o(.text), (0 bytes).
    Removing stm32h5xx_hal_tim_ex.o(.text), (0 bytes).
    Removing system_stm32h5xx.o(.text), (0 bytes).
    Removing system_stm32h5xx.o(.ARM.exidx.text.SystemInit), (8 bytes).
    Removing system_stm32h5xx.o(.text.SystemCoreClockUpdate), (300 bytes).
    Removing system_stm32h5xx.o(.ARM.exidx.text.SystemCoreClockUpdate), (8 bytes).
    Removing dadd.o(.text), (334 bytes).
    Removing dmul.o(.text), (228 bytes).
    Removing ddiv.o(.text), (222 bytes).
    Removing dfixul.o(.text), (48 bytes).
    Removing cdrcmple.o(.text), (48 bytes).
    Removing depilogue.o(.text), (186 bytes).

1008 unused section(s) (total 67657 bytes) removed from the image.

==============================================================================

Image Symbol Table

    Local Symbols

    Symbol Name                              Value     Ov Type        Size  Object(Section)

    ../clib/division.s                       0x00000000   Number         0  aeabi_sdiv.o ABSOLUTE
    ../clib/microlib/division.c              0x00000000   Number         0  uldiv.o ABSOLUTE
    ../clib/microlib/division.c              0x00000000   Number         0  uidiv.o ABSOLUTE
    ../clib/microlib/init/entry.s            0x00000000   Number         0  entry.o ABSOLUTE
    ../clib/microlib/init/entry.s            0x00000000   Number         0  entry2.o ABSOLUTE
    ../clib/microlib/init/entry.s            0x00000000   Number         0  entry5.o ABSOLUTE
    ../clib/microlib/init/entry.s            0x00000000   Number         0  entry7a.o ABSOLUTE
    ../clib/microlib/init/entry.s            0x00000000   Number         0  entry7b.o ABSOLUTE
    ../clib/microlib/init/entry.s            0x00000000   Number         0  entry8a.o ABSOLUTE
    ../clib/microlib/init/entry.s            0x00000000   Number         0  entry8b.o ABSOLUTE
    ../clib/microlib/init/entry.s            0x00000000   Number         0  entry9a.o ABSOLUTE
    ../clib/microlib/init/entry.s            0x00000000   Number         0  entry9b.o ABSOLUTE
    ../clib/microlib/init/entry.s            0x00000000   Number         0  entry10a.o ABSOLUTE
    ../clib/microlib/init/entry.s            0x00000000   Number         0  entry10b.o ABSOLUTE
    ../clib/microlib/init/entry.s            0x00000000   Number         0  entry11a.o ABSOLUTE
    ../clib/microlib/init/entry.s            0x00000000   Number         0  entry11b.o ABSOLUTE
    ../clib/microlib/longlong.c              0x00000000   Number         0  llshl.o ABSOLUTE
    ../clib/microlib/longlong.c              0x00000000   Number         0  llushr.o ABSOLUTE
    ../clib/microlib/longlong.c              0x00000000   Number         0  llsshr.o ABSOLUTE
    ../clib/microlib/printf/printf.c         0x00000000   Number         0  printfb.o ABSOLUTE
    ../clib/microlib/printf/printf.c         0x00000000   Number         0  printf0.o ABSOLUTE
    ../clib/microlib/printf/printf.c         0x00000000   Number         0  printf1.o ABSOLUTE
    ../clib/microlib/printf/printf.c         0x00000000   Number         0  printf2.o ABSOLUTE
    ../clib/microlib/printf/printf.c         0x00000000   Number         0  printf3.o ABSOLUTE
    ../clib/microlib/printf/printf.c         0x00000000   Number         0  printf4.o ABSOLUTE
    ../clib/microlib/printf/printf.c         0x00000000   Number         0  printf5.o ABSOLUTE
    ../clib/microlib/printf/printf.c         0x00000000   Number         0  printf6.o ABSOLUTE
    ../clib/microlib/printf/printf.c         0x00000000   Number         0  printf7.o ABSOLUTE
    ../clib/microlib/printf/printf.c         0x00000000   Number         0  printf8.o ABSOLUTE
    ../clib/microlib/printf/printf.c         0x00000000   Number         0  printfa.o ABSOLUTE
    ../clib/microlib/printf/stubs.s          0x00000000   Number         0  printfstubs.o ABSOLUTE
    ../clib/microlib/stdio/putchar.c         0x00000000   Number         0  putchar.o ABSOLUTE
    ../clib/microlib/stdio/puts.c            0x00000000   Number         0  puts.o ABSOLUTE
    ../clib/microlib/stdio/puts.c            0x00000000   Number         0  puts_e.o ABSOLUTE
    ../clib/microlib/stdio/streams.c         0x00000000   Number         0  stdout.o ABSOLUTE
    ../clib/microlib/string/memset.c         0x00000000   Number         0  memseta.o ABSOLUTE
    ../clib/microlib/stubs.s                 0x00000000   Number         0  iusefp.o ABSOLUTE
    ../fplib/microlib/fpadd.c                0x00000000   Number         0  dadd.o ABSOLUTE
    ../fplib/microlib/fpdiv.c                0x00000000   Number         0  ddiv.o ABSOLUTE
    ../fplib/microlib/fpepilogue.c           0x00000000   Number         0  depilogue.o ABSOLUTE
    ../fplib/microlib/fpfix.c                0x00000000   Number         0  dfixul.o ABSOLUTE
    ../fplib/microlib/fpmul.c                0x00000000   Number         0  dmul.o ABSOLUTE
    app_tof.c                                0x00000000   Number         0  app_tof.o ABSOLUTE
    bsp.c                                    0x00000000   Number         0  bsp.o ABSOLUTE
    cdrcmple.s                               0x00000000   Number         0  cdrcmple.o ABSOLUTE
    custom.c                                 0x00000000   Number         0  custom.o ABSOLUTE
    custom_bus.c                             0x00000000   Number         0  custom_bus.o ABSOLUTE
    custom_ranging_sensor.c                  0x00000000   Number         0  custom_ranging_sensor.o ABSOLUTE
    dc.s                                     0x00000000   Number         0  dc.o ABSOLUTE
    gpio.c                                   0x00000000   Number         0  gpio.o ABSOLUTE
    handlers.s                               0x00000000   Number         0  handlers.o ABSOLUTE
    icache.c                                 0x00000000   Number         0  icache.o ABSOLUTE
    init.s                                   0x00000000   Number         0  init.o ABSOLUTE
    main.c                                   0x00000000   Number         0  main.o ABSOLUTE
    memorymap.c                              0x00000000   Number         0  memorymap.o ABSOLUTE
    platform.c                               0x00000000   Number         0  platform.o ABSOLUTE
    startup_stm32h503xx.s                    0x00000000   Number         0  startup_stm32h503xx.o ABSOLUTE
    stm32h5xx_hal.c                          0x00000000   Number         0  stm32h5xx_hal.o ABSOLUTE
    stm32h5xx_hal_cortex.c                   0x00000000   Number         0  stm32h5xx_hal_cortex.o ABSOLUTE
    stm32h5xx_hal_dma.c                      0x00000000   Number         0  stm32h5xx_hal_dma.o ABSOLUTE
    stm32h5xx_hal_dma_ex.c                   0x00000000   Number         0  stm32h5xx_hal_dma_ex.o ABSOLUTE
    stm32h5xx_hal_exti.c                     0x00000000   Number         0  stm32h5xx_hal_exti.o ABSOLUTE
    stm32h5xx_hal_flash.c                    0x00000000   Number         0  stm32h5xx_hal_flash.o ABSOLUTE
    stm32h5xx_hal_flash_ex.c                 0x00000000   Number         0  stm32h5xx_hal_flash_ex.o ABSOLUTE
    stm32h5xx_hal_gpio.c                     0x00000000   Number         0  stm32h5xx_hal_gpio.o ABSOLUTE
    stm32h5xx_hal_i2c.c                      0x00000000   Number         0  stm32h5xx_hal_i2c.o ABSOLUTE
    stm32h5xx_hal_i2c_ex.c                   0x00000000   Number         0  stm32h5xx_hal_i2c_ex.o ABSOLUTE
    stm32h5xx_hal_icache.c                   0x00000000   Number         0  stm32h5xx_hal_icache.o ABSOLUTE
    stm32h5xx_hal_msp.c                      0x00000000   Number         0  stm32h5xx_hal_msp.o ABSOLUTE
    stm32h5xx_hal_pwr.c                      0x00000000   Number         0  stm32h5xx_hal_pwr.o ABSOLUTE
    stm32h5xx_hal_pwr_ex.c                   0x00000000   Number         0  stm32h5xx_hal_pwr_ex.o ABSOLUTE
    stm32h5xx_hal_rcc.c                      0x00000000   Number         0  stm32h5xx_hal_rcc.o ABSOLUTE
    stm32h5xx_hal_rcc_ex.c                   0x00000000   Number         0  stm32h5xx_hal_rcc_ex.o ABSOLUTE
    stm32h5xx_hal_tim.c                      0x00000000   Number         0  stm32h5xx_hal_tim.o ABSOLUTE
    stm32h5xx_hal_tim_ex.c                   0x00000000   Number         0  stm32h5xx_hal_tim_ex.o ABSOLUTE
    stm32h5xx_hal_uart.c                     0x00000000   Number         0  stm32h5xx_hal_uart.o ABSOLUTE
    stm32h5xx_hal_uart_ex.c                  0x00000000   Number         0  stm32h5xx_hal_uart_ex.o ABSOLUTE
    stm32h5xx_it.c                           0x00000000   Number         0  stm32h5xx_it.o ABSOLUTE
    system_stm32h5xx.c                       0x00000000   Number         0  system_stm32h5xx.o ABSOLUTE
    vl53l4cd.c                               0x00000000   Number         0  vl53l4cd.o ABSOLUTE
    vl53l4cd_api.c                           0x00000000   Number         0  vl53l4cd_api.o ABSOLUTE
    vl53l4cd_calibration.c                   0x00000000   Number         0  vl53l4cd_calibration.o ABSOLUTE
    RESET                                    0x08000000   Section      600  startup_stm32h503xx.o(RESET)
    .ARM.Collect$$$$00000000                 0x08000258   Section        0  entry.o(.ARM.Collect$$$$00000000)
    .ARM.Collect$$$$00000001                 0x08000258   Section        4  entry2.o(.ARM.Collect$$$$00000001)
    .ARM.Collect$$$$00000004                 0x0800025c   Section        4  entry5.o(.ARM.Collect$$$$00000004)
    .ARM.Collect$$$$00000008                 0x08000260   Section        0  entry7b.o(.ARM.Collect$$$$00000008)
    .ARM.Collect$$$$0000000A                 0x08000260   Section        0  entry8b.o(.ARM.Collect$$$$0000000A)
    .ARM.Collect$$$$0000000B                 0x08000260   Section        8  entry9a.o(.ARM.Collect$$$$0000000B)
    __lit__00000000                          0x08000268   Data           4  entry2.o(.ARM.Collect$$$$00002712)
    .ARM.Collect$$$$0000000D                 0x08000268   Section        0  entry10a.o(.ARM.Collect$$$$0000000D)
    .ARM.Collect$$$$0000000F                 0x08000268   Section        0  entry11a.o(.ARM.Collect$$$$0000000F)
    .ARM.Collect$$$$00002712                 0x08000268   Section        4  entry2.o(.ARM.Collect$$$$00002712)
    $v0                                      0x0800026c   Number         0  startup_stm32h503xx.o(.text)
    .text                                    0x0800026c   Section       40  startup_stm32h503xx.o(.text)
    .text                                    0x08000294   Section        0  uldiv.o(.text)
    .text                                    0x080002f6   Section        0  memseta.o(.text)
    .text                                    0x0800031a   Section        0  uidiv.o(.text)
    .text                                    0x08000346   Section        0  llshl.o(.text)
    .text                                    0x08000364   Section        0  llushr.o(.text)
    .text                                    0x08000384   Section       36  init.o(.text)
    [Anonymous Symbol]                       0x080003a8   Section        0  custom.o(.text.BSP_COM_Init)
    [Anonymous Symbol]                       0x0800046c   Section        0  custom_bus.o(.text.BSP_GetTick)
    [Anonymous Symbol]                       0x08000470   Section        0  custom_bus.o(.text.BSP_I2C1_DeInit)
    [Anonymous Symbol]                       0x080004c0   Section        0  custom_bus.o(.text.BSP_I2C1_Init)
    [Anonymous Symbol]                       0x080005b4   Section        0  custom_bus.o(.text.BSP_I2C1_Recv)
    [Anonymous Symbol]                       0x080005f8   Section        0  custom_bus.o(.text.BSP_I2C1_Send)
    [Anonymous Symbol]                       0x0800063c   Section        0  stm32h5xx_it.o(.text.BusFault_Handler)
    [Anonymous Symbol]                       0x08000640   Section        0  custom_ranging_sensor.o(.text.CUSTOM_RANGING_SENSOR_ConfigProfile)
    [Anonymous Symbol]                       0x0800066c   Section        0  custom_ranging_sensor.o(.text.CUSTOM_RANGING_SENSOR_GetCapabilities)
    [Anonymous Symbol]                       0x08000698   Section        0  custom_ranging_sensor.o(.text.CUSTOM_RANGING_SENSOR_GetDistance)
    [Anonymous Symbol]                       0x080006c4   Section        0  custom_ranging_sensor.o(.text.CUSTOM_RANGING_SENSOR_Init)
    [Anonymous Symbol]                       0x08000790   Section        0  custom_ranging_sensor.o(.text.CUSTOM_RANGING_SENSOR_ReadID)
    [Anonymous Symbol]                       0x080007bc   Section        0  custom_ranging_sensor.o(.text.CUSTOM_RANGING_SENSOR_Start)
    [Anonymous Symbol]                       0x080007e8   Section        0  stm32h5xx_it.o(.text.DebugMon_Handler)
    [Anonymous Symbol]                       0x080007ec   Section        0  main.o(.text.Error_Handler)
    [Anonymous Symbol]                       0x080007f4   Section        0  stm32h5xx_hal.o(.text.HAL_Delay)
    [Anonymous Symbol]                       0x0800081c   Section        0  stm32h5xx_hal_gpio.o(.text.HAL_GPIO_DeInit)
    [Anonymous Symbol]                       0x08000918   Section        0  stm32h5xx_hal_gpio.o(.text.HAL_GPIO_Init)
    [Anonymous Symbol]                       0x08000ab4   Section        0  stm32h5xx_hal_gpio.o(.text.HAL_GPIO_WritePin)
    [Anonymous Symbol]                       0x08000ac0   Section        0  stm32h5xx_hal.o(.text.HAL_GetTick)
    [Anonymous Symbol]                       0x08000acc   Section        0  stm32h5xx_hal_i2c_ex.o(.text.HAL_I2CEx_ConfigAnalogFilter)
    [Anonymous Symbol]                       0x08000b18   Section        0  stm32h5xx_hal_i2c_ex.o(.text.HAL_I2CEx_ConfigDigitalFilter)
    [Anonymous Symbol]                       0x08000b60   Section        0  stm32h5xx_hal_i2c.o(.text.HAL_I2C_DeInit)
    [Anonymous Symbol]                       0x08000b98   Section        0  stm32h5xx_hal_i2c.o(.text.HAL_I2C_GetError)
    [Anonymous Symbol]                       0x08000b9c   Section        0  stm32h5xx_hal_i2c.o(.text.HAL_I2C_GetState)
    [Anonymous Symbol]                       0x08000ba4   Section        0  stm32h5xx_hal_i2c.o(.text.HAL_I2C_Init)
    [Anonymous Symbol]                       0x08000c50   Section        0  stm32h5xx_hal_i2c.o(.text.HAL_I2C_Master_Receive)
    [Anonymous Symbol]                       0x08000df8   Section        0  stm32h5xx_hal_i2c.o(.text.HAL_I2C_Master_Transmit)
    [Anonymous Symbol]                       0x08000f9c   Section        0  stm32h5xx_hal_i2c.o(.text.HAL_I2C_MspDeInit)
    [Anonymous Symbol]                       0x08000fa0   Section        0  stm32h5xx_hal_i2c.o(.text.HAL_I2C_MspInit)
    [Anonymous Symbol]                       0x08000fa4   Section        0  stm32h5xx_hal_icache.o(.text.HAL_ICACHE_ConfigAssociativityMode)
    [Anonymous Symbol]                       0x08000fc4   Section        0  stm32h5xx_hal_icache.o(.text.HAL_ICACHE_Enable)
    [Anonymous Symbol]                       0x08000fd8   Section        0  stm32h5xx_hal.o(.text.HAL_IncTick)
    [Anonymous Symbol]                       0x08000ff4   Section        0  stm32h5xx_hal.o(.text.HAL_Init)
    [Anonymous Symbol]                       0x08001040   Section        0  stm32h5xx_hal.o(.text.HAL_InitTick)
    [Anonymous Symbol]                       0x080010ec   Section        0  stm32h5xx_hal_msp.o(.text.HAL_MspInit)
    [Anonymous Symbol]                       0x080010f0   Section        0  stm32h5xx_hal_cortex.o(.text.HAL_NVIC_SetPriority)
    [Anonymous Symbol]                       0x08001148   Section        0  stm32h5xx_hal_cortex.o(.text.HAL_NVIC_SetPriorityGrouping)
    [Anonymous Symbol]                       0x08001168   Section        0  stm32h5xx_hal_rcc_ex.o(.text.HAL_RCCEx_GetPLL1ClockFreq)
    [Anonymous Symbol]                       0x0800131c   Section        0  stm32h5xx_hal_rcc_ex.o(.text.HAL_RCCEx_GetPLL2ClockFreq)
    [Anonymous Symbol]                       0x080014d0   Section        0  stm32h5xx_hal_rcc_ex.o(.text.HAL_RCCEx_GetPeriphCLKFreq)
    [Anonymous Symbol]                       0x08001c50   Section        0  stm32h5xx_hal_rcc_ex.o(.text.HAL_RCCEx_PeriphCLKConfig)
    [Anonymous Symbol]                       0x08002314   Section        0  stm32h5xx_hal_rcc.o(.text.HAL_RCC_ClockConfig)
    [Anonymous Symbol]                       0x08002584   Section        0  stm32h5xx_hal_rcc.o(.text.HAL_RCC_GetHCLKFreq)
    [Anonymous Symbol]                       0x080025b4   Section        0  stm32h5xx_hal_rcc.o(.text.HAL_RCC_GetPCLK1Freq)
    [Anonymous Symbol]                       0x080025fc   Section        0  stm32h5xx_hal_rcc.o(.text.HAL_RCC_GetPCLK2Freq)
    [Anonymous Symbol]                       0x08002644   Section        0  stm32h5xx_hal_rcc.o(.text.HAL_RCC_GetPCLK3Freq)
    [Anonymous Symbol]                       0x0800268c   Section        0  stm32h5xx_hal_rcc.o(.text.HAL_RCC_GetSysClockFreq)
    [Anonymous Symbol]                       0x080027b8   Section        0  stm32h5xx_hal_rcc.o(.text.HAL_RCC_OscConfig)
    [Anonymous Symbol]                       0x08002e04   Section        0  stm32h5xx_hal_cortex.o(.text.HAL_SYSTICK_CLKSourceConfig)
    [Anonymous Symbol]                       0x08002e94   Section        0  stm32h5xx_hal_cortex.o(.text.HAL_SYSTICK_Config)
    [Anonymous Symbol]                       0x08002eb8   Section        0  stm32h5xx_hal_cortex.o(.text.HAL_SYSTICK_GetCLKSourceConfig)
    [Anonymous Symbol]                       0x08002ee8   Section        0  stm32h5xx_hal_uart_ex.o(.text.HAL_UARTEx_DisableFifoMode)
    [Anonymous Symbol]                       0x08002f20   Section        0  stm32h5xx_hal_uart_ex.o(.text.HAL_UARTEx_SetRxFifoThreshold)
    [Anonymous Symbol]                       0x08002fac   Section        0  stm32h5xx_hal_uart_ex.o(.text.HAL_UARTEx_SetTxFifoThreshold)
    [Anonymous Symbol]                       0x08003038   Section        0  stm32h5xx_hal_uart.o(.text.HAL_UART_Init)
    [Anonymous Symbol]                       0x080030a0   Section        0  stm32h5xx_hal_uart.o(.text.HAL_UART_MspInit)
    [Anonymous Symbol]                       0x080030a4   Section        0  stm32h5xx_hal_uart.o(.text.HAL_UART_Transmit)
    [Anonymous Symbol]                       0x08003244   Section        0  stm32h5xx_it.o(.text.HardFault_Handler)
    I2C_IsErrorOccurred                      0x08003249   Thumb Code   352  stm32h5xx_hal_i2c.o(.text.I2C_IsErrorOccurred)
    [Anonymous Symbol]                       0x08003248   Section        0  stm32h5xx_hal_i2c.o(.text.I2C_IsErrorOccurred)
    I2C_WaitOnFlagUntilTimeout               0x080033a9   Thumb Code   258  stm32h5xx_hal_i2c.o(.text.I2C_WaitOnFlagUntilTimeout)
    [Anonymous Symbol]                       0x080033a8   Section        0  stm32h5xx_hal_i2c.o(.text.I2C_WaitOnFlagUntilTimeout)
    I2C_WaitOnRXNEFlagUntilTimeout           0x080034ad   Thumb Code   210  stm32h5xx_hal_i2c.o(.text.I2C_WaitOnRXNEFlagUntilTimeout)
    [Anonymous Symbol]                       0x080034ac   Section        0  stm32h5xx_hal_i2c.o(.text.I2C_WaitOnRXNEFlagUntilTimeout)
    I2C_WaitOnSTOPFlagUntilTimeout           0x08003581   Thumb Code   128  stm32h5xx_hal_i2c.o(.text.I2C_WaitOnSTOPFlagUntilTimeout)
    [Anonymous Symbol]                       0x08003580   Section        0  stm32h5xx_hal_i2c.o(.text.I2C_WaitOnSTOPFlagUntilTimeout)
    I2C_WaitOnTXISFlagUntilTimeout           0x08003601   Thumb Code   172  stm32h5xx_hal_i2c.o(.text.I2C_WaitOnTXISFlagUntilTimeout)
    [Anonymous Symbol]                       0x08003600   Section        0  stm32h5xx_hal_i2c.o(.text.I2C_WaitOnTXISFlagUntilTimeout)
    [Anonymous Symbol]                       0x080036ac   Section        0  gpio.o(.text.MX_GPIO_Init)
    [Anonymous Symbol]                       0x08003708   Section        0  custom_bus.o(.text.MX_I2C1_Init)
    [Anonymous Symbol]                       0x08003758   Section        0  icache.o(.text.MX_ICACHE_Init)
    [Anonymous Symbol]                       0x0800377c   Section        0  app_tof.o(.text.MX_TOF_Init)
    [Anonymous Symbol]                       0x080037f0   Section        0  app_tof.o(.text.MX_TOF_Process)
    [Anonymous Symbol]                       0x0800397c   Section        0  custom.o(.text.MX_USART1_UART_Init)
    [Anonymous Symbol]                       0x080039d8   Section        0  stm32h5xx_it.o(.text.MemManage_Handler)
    [Anonymous Symbol]                       0x080039dc   Section        0  stm32h5xx_it.o(.text.NMI_Handler)
    [Anonymous Symbol]                       0x080039e0   Section        0  stm32h5xx_it.o(.text.PendSV_Handler)
    RCCEx_PLL2_Config                        0x080039e5   Thumb Code   240  stm32h5xx_hal_rcc_ex.o(.text.RCCEx_PLL2_Config)
    [Anonymous Symbol]                       0x080039e4   Section        0  stm32h5xx_hal_rcc_ex.o(.text.RCCEx_PLL2_Config)
    [Anonymous Symbol]                       0x08003ad4   Section        0  stm32h5xx_it.o(.text.SVC_Handler)
    [Anonymous Symbol]                       0x08003ad8   Section        0  stm32h5xx_it.o(.text.SysTick_Handler)
    [Anonymous Symbol]                       0x08003adc   Section        0  main.o(.text.SystemClock_Config)
    [Anonymous Symbol]                       0x08003ba4   Section        0  system_stm32h5xx.o(.text.SystemInit)
    [Anonymous Symbol]                       0x08003c4c   Section        0  stm32h5xx_hal_uart.o(.text.UART_AdvFeatureConfig)
    [Anonymous Symbol]                       0x08003d34   Section        0  stm32h5xx_hal_uart.o(.text.UART_CheckIdleState)
    [Anonymous Symbol]                       0x08003ea4   Section        0  stm32h5xx_hal_uart.o(.text.UART_SetConfig)
    [Anonymous Symbol]                       0x08004054   Section        0  stm32h5xx_hal_uart.o(.text.UART_WaitOnFlagUntilTimeout)
    [Anonymous Symbol]                       0x080043a4   Section        0  stm32h5xx_it.o(.text.UsageFault_Handler)
    [Anonymous Symbol]                       0x080043a8   Section        0  vl53l4cd_api.o(.text.VL53L4CD_CheckForDataReady)
    [Anonymous Symbol]                       0x080043ec   Section        0  vl53l4cd_api.o(.text.VL53L4CD_ClearInterrupt)
    [Anonymous Symbol]                       0x080043f4   Section        0  vl53l4cd.o(.text.VL53L4CD_ConfigIT)
    [Anonymous Symbol]                       0x0800443c   Section        0  vl53l4cd.o(.text.VL53L4CD_ConfigProfile)
    [Anonymous Symbol]                       0x08004494   Section        0  vl53l4cd.o(.text.VL53L4CD_ConfigROI)
    [Anonymous Symbol]                       0x0800449c   Section        0  vl53l4cd.o(.text.VL53L4CD_DeInit)
    [Anonymous Symbol]                       0x080044c4   Section        0  vl53l4cd.o(.text.VL53L4CD_GetAddress)
    [Anonymous Symbol]                       0x080044dc   Section        0  vl53l4cd.o(.text.VL53L4CD_GetCapabilities)
    [Anonymous Symbol]                       0x080044fc   Section        0  vl53l4cd.o(.text.VL53L4CD_GetDistance)
    [Anonymous Symbol]                       0x080045e8   Section        0  vl53l4cd.o(.text.VL53L4CD_GetPowerMode)
    [Anonymous Symbol]                       0x080045f0   Section        0  vl53l4cd_api.o(.text.VL53L4CD_GetResult)
    [Anonymous Symbol]                       0x080046b0   Section        0  vl53l4cd.o(.text.VL53L4CD_Init)
    [Anonymous Symbol]                       0x080046e0   Section        0  platform.o(.text.VL53L4CD_RdByte)
    [Anonymous Symbol]                       0x08004714   Section        0  platform.o(.text.VL53L4CD_RdDWord)
    [Anonymous Symbol]                       0x0800475c   Section        0  platform.o(.text.VL53L4CD_RdWord)
    [Anonymous Symbol]                       0x080047a4   Section        0  vl53l4cd.o(.text.VL53L4CD_ReadID)
    [Anonymous Symbol]                       0x080047e0   Section        0  vl53l4cd.o(.text.VL53L4CD_RegisterBusIO)
    [Anonymous Symbol]                       0x0800481c   Section        0  vl53l4cd_api.o(.text.VL53L4CD_SensorInit)
    [Anonymous Symbol]                       0x08004960   Section        0  vl53l4cd.o(.text.VL53L4CD_SetAddress)
    [Anonymous Symbol]                       0x0800498c   Section        0  vl53l4cd_api.o(.text.VL53L4CD_SetDetectionThresholds)
    [Anonymous Symbol]                       0x080049c0   Section        0  vl53l4cd_api.o(.text.VL53L4CD_SetI2CAddress)
    [Anonymous Symbol]                       0x080049c8   Section        0  vl53l4cd.o(.text.VL53L4CD_SetPowerMode)
    [Anonymous Symbol]                       0x080049d0   Section        0  vl53l4cd_api.o(.text.VL53L4CD_SetRangeTiming)
    [Anonymous Symbol]                       0x08004b70   Section        0  vl53l4cd.o(.text.VL53L4CD_Start)
    [Anonymous Symbol]                       0x08004bcc   Section        0  vl53l4cd_api.o(.text.VL53L4CD_StartRanging)
    [Anonymous Symbol]                       0x08004bf4   Section        0  vl53l4cd.o(.text.VL53L4CD_Stop)
    [Anonymous Symbol]                       0x08004c1c   Section        0  vl53l4cd_api.o(.text.VL53L4CD_StopRanging)
    [Anonymous Symbol]                       0x08004c24   Section        0  platform.o(.text.VL53L4CD_WaitMs)
    [Anonymous Symbol]                       0x08004c40   Section        0  platform.o(.text.VL53L4CD_WrByte)
    [Anonymous Symbol]                       0x08004c68   Section        0  platform.o(.text.VL53L4CD_WrDWord)
    [Anonymous Symbol]                       0x08004c9c   Section        0  platform.o(.text.VL53L4CD_WrWord)
    [Anonymous Symbol]                       0x08004cc8   Section        0  custom.o(.text.fputc)
    [Anonymous Symbol]                       0x08004cfc   Section        0  main.o(.text.main)
    i.__0printf$6                            0x08004d18   Section        0  printf6.o(i.__0printf$6)
    i.__scatterload_copy                     0x08004d38   Section       14  handlers.o(i.__scatterload_copy)
    i.__scatterload_null                     0x08004d46   Section        2  handlers.o(i.__scatterload_null)
    i.__scatterload_zeroinit                 0x08004d48   Section       14  handlers.o(i.__scatterload_zeroinit)
    _printf_core                             0x08004d59   Thumb Code   748  printf6.o(i._printf_core)
    i._printf_core                           0x08004d58   Section        0  printf6.o(i._printf_core)
    _printf_post_padding                     0x08005049   Thumb Code    36  printf6.o(i._printf_post_padding)
    i._printf_post_padding                   0x08005048   Section        0  printf6.o(i._printf_post_padding)
    _printf_pre_padding                      0x0800506d   Thumb Code    46  printf6.o(i._printf_pre_padding)
    i._printf_pre_padding                    0x0800506c   Section        0  printf6.o(i._printf_pre_padding)
    i.putchar                                0x0800509c   Section        0  putchar.o(i.putchar)
    i.puts                                   0x080050a8   Section        0  puts.o(i.puts)
    VL53L4CD_DEFAULT_CONFIGURATION           0x080050fc   Data          91  vl53l4cd_api.o(.rodata.VL53L4CD_DEFAULT_CONFIGURATION)
    [Anonymous Symbol]                       0x080050fc   Section        0  vl53l4cd_api.o(.rodata.VL53L4CD_DEFAULT_CONFIGURATION)
    UARTEx_SetNbDataToProcess.numerator      0x08005157   Data           8  stm32h5xx_hal_uart_ex.o(.rodata.cst8)
    [Anonymous Symbol]                       0x08005157   Section        0  stm32h5xx_hal_uart_ex.o(.rodata.cst8)
    UARTEx_SetNbDataToProcess.denominator    0x0800515f   Data           8  stm32h5xx_hal_uart_ex.o(.rodata.cst8)
    .data                                    0x20000000   Section        4  stdout.o(.data)
    .L_MergedGlobals                         0x20000004   Data           8  stm32h5xx_hal.o(.data..L_MergedGlobals)
    [Anonymous Symbol]                       0x20000004   Section        0  stm32h5xx_hal.o(.data..L_MergedGlobals)
    .L_MergedGlobals                         0x20000050   Data          88  custom_bus.o(.bss..L_MergedGlobals)
    I2C1InitCounter                          0x20000050   Data           4  custom_bus.o(.bss..L_MergedGlobals)
    [Anonymous Symbol]                       0x20000050   Section        0  custom_bus.o(.bss..L_MergedGlobals)
    .L_MergedGlobals                         0x200000a8   Data          52  custom_ranging_sensor.o(.bss..L_MergedGlobals)
    [Anonymous Symbol]                       0x200000a8   Section        0  custom_ranging_sensor.o(.bss..L_MergedGlobals)
    RANGING_SENSOR_Cap                       0x200000ac   Data          16  custom_ranging_sensor.o(.bss..L_MergedGlobals)
    VL53L4CD_Probe.VL53L4CDObj               0x200000bc   Data          32  custom_ranging_sensor.o(.bss..L_MergedGlobals)
    .L_MergedGlobals                         0x200000dc   Data          60  app_tof.o(.bss..L_MergedGlobals)
    Cap                                      0x200000dc   Data          16  app_tof.o(.bss..L_MergedGlobals)
    [Anonymous Symbol]                       0x200000dc   Section        0  app_tof.o(.bss..L_MergedGlobals)
    Profile                                  0x200000ec   Data          20  app_tof.o(.bss..L_MergedGlobals)
    Result                                   0x20000100   Data          24  app_tof.o(.bss..L_MergedGlobals)
    COM_ActiveLogPort                        0x20000118   Data           1  custom.o(.bss.COM_ActiveLogPort)
    [Anonymous Symbol]                       0x20000118   Section        0  custom.o(.bss.COM_ActiveLogPort)
    STACK                                    0x200002b8   Section    16384  startup_stm32h503xx.o(STACK)

    Global Symbols

    Symbol Name                              Value     Ov Type        Size  Object(Section)

    BuildAttributes$$THM_ISAv4$E$P$D$K$B$S$7EM$8M$VFPi5$EXTD16$VFPS$VFMA$PE$A:L22UL41UL21$X:L11$S22US41US21$IEEE1$IW$~IW$USESV6$~STKCKD$USESV7$~SHL$OTIME$ROPI$EBA8$MICROLIB$REQ8$PRES8$EABIv2 0x00000000   Number         0  anon$$obj.o ABSOLUTE
    _printf_a                                0x00000000   Number         0  printfstubs.o ABSOLUTE
    _printf_c                                0x00000000   Number         0  printfstubs.o ABSOLUTE
    _printf_charcount                        0x00000000   Number         0  printfstubs.o ABSOLUTE
    _printf_d                                0x00000000   Number         0  printfstubs.o ABSOLUTE
    _printf_e                                0x00000000   Number         0  printfstubs.o ABSOLUTE
    _printf_f                                0x00000000   Number         0  printfstubs.o ABSOLUTE
    _printf_flags                            0x00000000   Number         0  printfstubs.o ABSOLUTE
    _printf_fp_dec                           0x00000000   Number         0  printfstubs.o ABSOLUTE
    _printf_fp_hex                           0x00000000   Number         0  printfstubs.o ABSOLUTE
    _printf_g                                0x00000000   Number         0  printfstubs.o ABSOLUTE
    _printf_i                                0x00000000   Number         0  printfstubs.o ABSOLUTE
    _printf_int_dec                          0x00000000   Number         0  printfstubs.o ABSOLUTE
    _printf_l                                0x00000000   Number         0  printfstubs.o ABSOLUTE
    _printf_lc                               0x00000000   Number         0  printfstubs.o ABSOLUTE
    _printf_ll                               0x00000000   Number         0  printfstubs.o ABSOLUTE
    _printf_lld                              0x00000000   Number         0  printfstubs.o ABSOLUTE
    _printf_lli                              0x00000000   Number         0  printfstubs.o ABSOLUTE
    _printf_llo                              0x00000000   Number         0  printfstubs.o ABSOLUTE
    _printf_llu                              0x00000000   Number         0  printfstubs.o ABSOLUTE
    _printf_llx                              0x00000000   Number         0  printfstubs.o ABSOLUTE
    _printf_longlong_dec                     0x00000000   Number         0  printfstubs.o ABSOLUTE
    _printf_longlong_hex                     0x00000000   Number         0  printfstubs.o ABSOLUTE
    _printf_longlong_oct                     0x00000000   Number         0  printfstubs.o ABSOLUTE
    _printf_ls                               0x00000000   Number         0  printfstubs.o ABSOLUTE
    _printf_mbtowc                           0x00000000   Number         0  printfstubs.o ABSOLUTE
    _printf_n                                0x00000000   Number         0  printfstubs.o ABSOLUTE
    _printf_o                                0x00000000   Number         0  printfstubs.o ABSOLUTE
    _printf_p                                0x00000000   Number         0  printfstubs.o ABSOLUTE
    _printf_percent                          0x00000000   Number         0  printfstubs.o ABSOLUTE
    _printf_pre_padding                      0x00000000   Number         0  printfstubs.o ABSOLUTE
    _printf_return_value                     0x00000000   Number         0  printfstubs.o ABSOLUTE
    _printf_s                                0x00000000   Number         0  printfstubs.o ABSOLUTE
    _printf_sizespec                         0x00000000   Number         0  printfstubs.o ABSOLUTE
    _printf_str                              0x00000000   Number         0  printfstubs.o ABSOLUTE
    _printf_truncate_signed                  0x00000000   Number         0  printfstubs.o ABSOLUTE
    _printf_truncate_unsigned                0x00000000   Number         0  printfstubs.o ABSOLUTE
    _printf_u                                0x00000000   Number         0  printfstubs.o ABSOLUTE
    _printf_wc                               0x00000000   Number         0  printfstubs.o ABSOLUTE
    _printf_wctomb                           0x00000000   Number         0  printfstubs.o ABSOLUTE
    _printf_widthprec                        0x00000000   Number         0  printfstubs.o ABSOLUTE
    _printf_x                                0x00000000   Number         0  printfstubs.o ABSOLUTE
    __cpp_initialize__aeabi_                  - Undefined Weak Reference
    __cxa_finalize                            - Undefined Weak Reference
    __decompress                              - Undefined Weak Reference
    _clock_init                               - Undefined Weak Reference
    _microlib_exit                            - Undefined Weak Reference
    __Vectors_Size                           0x00000258   Number         0  startup_stm32h503xx.o ABSOLUTE
    __Vectors                                0x08000000   Data           4  startup_stm32h503xx.o(RESET)
    __Vectors_End                            0x08000258   Data           0  startup_stm32h503xx.o(RESET)
    __main                                   0x08000259   Thumb Code     0  entry.o(.ARM.Collect$$$$00000000)
    _main_stk                                0x08000259   Thumb Code     0  entry2.o(.ARM.Collect$$$$00000001)
    _main_scatterload                        0x0800025d   Thumb Code     0  entry5.o(.ARM.Collect$$$$00000004)
    __main_after_scatterload                 0x08000261   Thumb Code     0  entry5.o(.ARM.Collect$$$$00000004)
    _main_clock                              0x08000261   Thumb Code     0  entry7b.o(.ARM.Collect$$$$00000008)
    _main_cpp_init                           0x08000261   Thumb Code     0  entry8b.o(.ARM.Collect$$$$0000000A)
    _main_init                               0x08000261   Thumb Code     0  entry9a.o(.ARM.Collect$$$$0000000B)
    __rt_final_cpp                           0x08000269   Thumb Code     0  entry10a.o(.ARM.Collect$$$$0000000D)
    __rt_final_exit                          0x08000269   Thumb Code     0  entry11a.o(.ARM.Collect$$$$0000000F)
    Reset_Handler                            0x0800026d   Thumb Code     8  startup_stm32h503xx.o(.text)
    SecureFault_Handler                      0x0800027f   Thumb Code     2  startup_stm32h503xx.o(.text)
    ADC1_IRQHandler                          0x08000289   Thumb Code     0  startup_stm32h503xx.o(.text)
    COMP1_IRQHandler                         0x08000289   Thumb Code     0  startup_stm32h503xx.o(.text)
    CRS_IRQHandler                           0x08000289   Thumb Code     0  startup_stm32h503xx.o(.text)
    DAC1_IRQHandler                          0x08000289   Thumb Code     0  startup_stm32h503xx.o(.text)
    DTS_IRQHandler                           0x08000289   Thumb Code     0  startup_stm32h503xx.o(.text)
    EXTI0_IRQHandler                         0x08000289   Thumb Code     0  startup_stm32h503xx.o(.text)
    EXTI10_IRQHandler                        0x08000289   Thumb Code     0  startup_stm32h503xx.o(.text)
    EXTI11_IRQHandler                        0x08000289   Thumb Code     0  startup_stm32h503xx.o(.text)
    EXTI12_IRQHandler                        0x08000289   Thumb Code     0  startup_stm32h503xx.o(.text)
    EXTI13_IRQHandler                        0x08000289   Thumb Code     0  startup_stm32h503xx.o(.text)
    EXTI14_IRQHandler                        0x08000289   Thumb Code     0  startup_stm32h503xx.o(.text)
    EXTI15_IRQHandler                        0x08000289   Thumb Code     0  startup_stm32h503xx.o(.text)
    EXTI1_IRQHandler                         0x08000289   Thumb Code     0  startup_stm32h503xx.o(.text)
    EXTI2_IRQHandler                         0x08000289   Thumb Code     0  startup_stm32h503xx.o(.text)
    EXTI3_IRQHandler                         0x08000289   Thumb Code     0  startup_stm32h503xx.o(.text)
    EXTI4_IRQHandler                         0x08000289   Thumb Code     0  startup_stm32h503xx.o(.text)
    EXTI5_IRQHandler                         0x08000289   Thumb Code     0  startup_stm32h503xx.o(.text)
    EXTI6_IRQHandler                         0x08000289   Thumb Code     0  startup_stm32h503xx.o(.text)
    EXTI7_IRQHandler                         0x08000289   Thumb Code     0  startup_stm32h503xx.o(.text)
    EXTI8_IRQHandler                         0x08000289   Thumb Code     0  startup_stm32h503xx.o(.text)
    EXTI9_IRQHandler                         0x08000289   Thumb Code     0  startup_stm32h503xx.o(.text)
    FDCAN1_IT0_IRQHandler                    0x08000289   Thumb Code     0  startup_stm32h503xx.o(.text)
    FDCAN1_IT1_IRQHandler                    0x08000289   Thumb Code     0  startup_stm32h503xx.o(.text)
    FLASH_IRQHandler                         0x08000289   Thumb Code     0  startup_stm32h503xx.o(.text)
    FPU_IRQHandler                           0x08000289   Thumb Code     0  startup_stm32h503xx.o(.text)
    GPDMA1_Channel0_IRQHandler               0x08000289   Thumb Code     0  startup_stm32h503xx.o(.text)
    GPDMA1_Channel1_IRQHandler               0x08000289   Thumb Code     0  startup_stm32h503xx.o(.text)
    GPDMA1_Channel2_IRQHandler               0x08000289   Thumb Code     0  startup_stm32h503xx.o(.text)
    GPDMA1_Channel3_IRQHandler               0x08000289   Thumb Code     0  startup_stm32h503xx.o(.text)
    GPDMA1_Channel4_IRQHandler               0x08000289   Thumb Code     0  startup_stm32h503xx.o(.text)
    GPDMA1_Channel5_IRQHandler               0x08000289   Thumb Code     0  startup_stm32h503xx.o(.text)
    GPDMA1_Channel6_IRQHandler               0x08000289   Thumb Code     0  startup_stm32h503xx.o(.text)
    GPDMA1_Channel7_IRQHandler               0x08000289   Thumb Code     0  startup_stm32h503xx.o(.text)
    GPDMA2_Channel0_IRQHandler               0x08000289   Thumb Code     0  startup_stm32h503xx.o(.text)
    GPDMA2_Channel1_IRQHandler               0x08000289   Thumb Code     0  startup_stm32h503xx.o(.text)
    GPDMA2_Channel2_IRQHandler               0x08000289   Thumb Code     0  startup_stm32h503xx.o(.text)
    GPDMA2_Channel3_IRQHandler               0x08000289   Thumb Code     0  startup_stm32h503xx.o(.text)
    GPDMA2_Channel4_IRQHandler               0x08000289   Thumb Code     0  startup_stm32h503xx.o(.text)
    GPDMA2_Channel5_IRQHandler               0x08000289   Thumb Code     0  startup_stm32h503xx.o(.text)
    GPDMA2_Channel6_IRQHandler               0x08000289   Thumb Code     0  startup_stm32h503xx.o(.text)
    GPDMA2_Channel7_IRQHandler               0x08000289   Thumb Code     0  startup_stm32h503xx.o(.text)
    GTZC_IRQHandler                          0x08000289   Thumb Code     0  startup_stm32h503xx.o(.text)
    HASH_IRQHandler                          0x08000289   Thumb Code     0  startup_stm32h503xx.o(.text)
    I2C1_ER_IRQHandler                       0x08000289   Thumb Code     0  startup_stm32h503xx.o(.text)
    I2C1_EV_IRQHandler                       0x08000289   Thumb Code     0  startup_stm32h503xx.o(.text)
    I2C2_ER_IRQHandler                       0x08000289   Thumb Code     0  startup_stm32h503xx.o(.text)
    I2C2_EV_IRQHandler                       0x08000289   Thumb Code     0  startup_stm32h503xx.o(.text)
    I3C1_ER_IRQHandler                       0x08000289   Thumb Code     0  startup_stm32h503xx.o(.text)
    I3C1_EV_IRQHandler                       0x08000289   Thumb Code     0  startup_stm32h503xx.o(.text)
    I3C2_ER_IRQHandler                       0x08000289   Thumb Code     0  startup_stm32h503xx.o(.text)
    I3C2_EV_IRQHandler                       0x08000289   Thumb Code     0  startup_stm32h503xx.o(.text)
    ICACHE_IRQHandler                        0x08000289   Thumb Code     0  startup_stm32h503xx.o(.text)
    IWDG_IRQHandler                          0x08000289   Thumb Code     0  startup_stm32h503xx.o(.text)
    LPTIM1_IRQHandler                        0x08000289   Thumb Code     0  startup_stm32h503xx.o(.text)
    LPTIM2_IRQHandler                        0x08000289   Thumb Code     0  startup_stm32h503xx.o(.text)
    LPUART1_IRQHandler                       0x08000289   Thumb Code     0  startup_stm32h503xx.o(.text)
    PVD_AVD_IRQHandler                       0x08000289   Thumb Code     0  startup_stm32h503xx.o(.text)
    RAMCFG_IRQHandler                        0x08000289   Thumb Code     0  startup_stm32h503xx.o(.text)
    RCC_IRQHandler                           0x08000289   Thumb Code     0  startup_stm32h503xx.o(.text)
    RNG_IRQHandler                           0x08000289   Thumb Code     0  startup_stm32h503xx.o(.text)
    RTC_IRQHandler                           0x08000289   Thumb Code     0  startup_stm32h503xx.o(.text)
    SPI1_IRQHandler                          0x08000289   Thumb Code     0  startup_stm32h503xx.o(.text)
    SPI2_IRQHandler                          0x08000289   Thumb Code     0  startup_stm32h503xx.o(.text)
    SPI3_IRQHandler                          0x08000289   Thumb Code     0  startup_stm32h503xx.o(.text)
    TAMP_IRQHandler                          0x08000289   Thumb Code     0  startup_stm32h503xx.o(.text)
    TIM1_BRK_IRQHandler                      0x08000289   Thumb Code     0  startup_stm32h503xx.o(.text)
    TIM1_CC_IRQHandler                       0x08000289   Thumb Code     0  startup_stm32h503xx.o(.text)
    TIM1_TRG_COM_IRQHandler                  0x08000289   Thumb Code     0  startup_stm32h503xx.o(.text)
    TIM1_UP_IRQHandler                       0x08000289   Thumb Code     0  startup_stm32h503xx.o(.text)
    TIM2_IRQHandler                          0x08000289   Thumb Code     0  startup_stm32h503xx.o(.text)
    TIM3_IRQHandler                          0x08000289   Thumb Code     0  startup_stm32h503xx.o(.text)
    TIM6_IRQHandler                          0x08000289   Thumb Code     0  startup_stm32h503xx.o(.text)
    TIM7_IRQHandler                          0x08000289   Thumb Code     0  startup_stm32h503xx.o(.text)
    USART1_IRQHandler                        0x08000289   Thumb Code     0  startup_stm32h503xx.o(.text)
    USART2_IRQHandler                        0x08000289   Thumb Code     0  startup_stm32h503xx.o(.text)
    USART3_IRQHandler                        0x08000289   Thumb Code     0  startup_stm32h503xx.o(.text)
    USB_DRD_FS_IRQHandler                    0x08000289   Thumb Code     0  startup_stm32h503xx.o(.text)
    WWDG_IRQHandler                          0x08000289   Thumb Code     0  startup_stm32h503xx.o(.text)
    __aeabi_uldivmod                         0x08000295   Thumb Code    98  uldiv.o(.text)
    __aeabi_memset                           0x080002f7   Thumb Code    14  memseta.o(.text)
    __aeabi_memset4                          0x080002f7   Thumb Code     0  memseta.o(.text)
    __aeabi_memset8                          0x080002f7   Thumb Code     0  memseta.o(.text)
    __aeabi_memclr                           0x08000305   Thumb Code     4  memseta.o(.text)
    __aeabi_memclr4                          0x08000305   Thumb Code     0  memseta.o(.text)
    __aeabi_memclr8                          0x08000305   Thumb Code     0  memseta.o(.text)
    _memset$wrapper                          0x08000309   Thumb Code    18  memseta.o(.text)
    __aeabi_uidiv                            0x0800031b   Thumb Code     0  uidiv.o(.text)
    __aeabi_uidivmod                         0x0800031b   Thumb Code    44  uidiv.o(.text)
    __aeabi_llsl                             0x08000347   Thumb Code    30  llshl.o(.text)
    _ll_shift_l                              0x08000347   Thumb Code     0  llshl.o(.text)
    __aeabi_llsr                             0x08000365   Thumb Code    32  llushr.o(.text)
    _ll_ushift_r                             0x08000365   Thumb Code     0  llushr.o(.text)
    __scatterload                            0x08000385   Thumb Code    28  init.o(.text)
    __scatterload_rt2                        0x08000385   Thumb Code     0  init.o(.text)
    BSP_COM_Init                             0x080003a9   Thumb Code   196  custom.o(.text.BSP_COM_Init)
    BSP_GetTick                              0x0800046d   Thumb Code     4  custom_bus.o(.text.BSP_GetTick)
    BSP_I2C1_DeInit                          0x08000471   Thumb Code    80  custom_bus.o(.text.BSP_I2C1_DeInit)
    BSP_I2C1_Init                            0x080004c1   Thumb Code   242  custom_bus.o(.text.BSP_I2C1_Init)
    BSP_I2C1_Recv                            0x080005b5   Thumb Code    66  custom_bus.o(.text.BSP_I2C1_Recv)
    BSP_I2C1_Send                            0x080005f9   Thumb Code    66  custom_bus.o(.text.BSP_I2C1_Send)
    BusFault_Handler                         0x0800063d   Thumb Code     2  stm32h5xx_it.o(.text.BusFault_Handler)
    CUSTOM_RANGING_SENSOR_ConfigProfile      0x08000641   Thumb Code    44  custom_ranging_sensor.o(.text.CUSTOM_RANGING_SENSOR_ConfigProfile)
    CUSTOM_RANGING_SENSOR_GetCapabilities    0x0800066d   Thumb Code    44  custom_ranging_sensor.o(.text.CUSTOM_RANGING_SENSOR_GetCapabilities)
    CUSTOM_RANGING_SENSOR_GetDistance        0x08000699   Thumb Code    44  custom_ranging_sensor.o(.text.CUSTOM_RANGING_SENSOR_GetDistance)
    CUSTOM_RANGING_SENSOR_Init               0x080006c5   Thumb Code   202  custom_ranging_sensor.o(.text.CUSTOM_RANGING_SENSOR_Init)
    CUSTOM_RANGING_SENSOR_ReadID             0x08000791   Thumb Code    44  custom_ranging_sensor.o(.text.CUSTOM_RANGING_SENSOR_ReadID)
    CUSTOM_RANGING_SENSOR_Start              0x080007bd   Thumb Code    44  custom_ranging_sensor.o(.text.CUSTOM_RANGING_SENSOR_Start)
    DebugMon_Handler                         0x080007e9   Thumb Code     2  stm32h5xx_it.o(.text.DebugMon_Handler)
    Error_Handler                            0x080007ed   Thumb Code     6  main.o(.text.Error_Handler)
    HAL_Delay                                0x080007f5   Thumb Code    40  stm32h5xx_hal.o(.text.HAL_Delay)
    HAL_GPIO_DeInit                          0x0800081d   Thumb Code   250  stm32h5xx_hal_gpio.o(.text.HAL_GPIO_DeInit)
    HAL_GPIO_Init                            0x08000919   Thumb Code   410  stm32h5xx_hal_gpio.o(.text.HAL_GPIO_Init)
    HAL_GPIO_WritePin                        0x08000ab5   Thumb Code    12  stm32h5xx_hal_gpio.o(.text.HAL_GPIO_WritePin)
    HAL_GetTick                              0x08000ac1   Thumb Code    12  stm32h5xx_hal.o(.text.HAL_GetTick)
    HAL_I2CEx_ConfigAnalogFilter             0x08000acd   Thumb Code    74  stm32h5xx_hal_i2c_ex.o(.text.HAL_I2CEx_ConfigAnalogFilter)
    HAL_I2CEx_ConfigDigitalFilter            0x08000b19   Thumb Code    72  stm32h5xx_hal_i2c_ex.o(.text.HAL_I2CEx_ConfigDigitalFilter)
    HAL_I2C_DeInit                           0x08000b61   Thumb Code    54  stm32h5xx_hal_i2c.o(.text.HAL_I2C_DeInit)
    HAL_I2C_GetError                         0x08000b99   Thumb Code     4  stm32h5xx_hal_i2c.o(.text.HAL_I2C_GetError)
    HAL_I2C_GetState                         0x08000b9d   Thumb Code     6  stm32h5xx_hal_i2c.o(.text.HAL_I2C_GetState)
    HAL_I2C_Init                             0x08000ba5   Thumb Code   172  stm32h5xx_hal_i2c.o(.text.HAL_I2C_Init)
    HAL_I2C_Master_Receive                   0x08000c51   Thumb Code   422  stm32h5xx_hal_i2c.o(.text.HAL_I2C_Master_Receive)
    HAL_I2C_Master_Transmit                  0x08000df9   Thumb Code   418  stm32h5xx_hal_i2c.o(.text.HAL_I2C_Master_Transmit)
    HAL_I2C_MspDeInit                        0x08000f9d   Thumb Code     2  stm32h5xx_hal_i2c.o(.text.HAL_I2C_MspDeInit)
    HAL_I2C_MspInit                          0x08000fa1   Thumb Code     2  stm32h5xx_hal_i2c.o(.text.HAL_I2C_MspInit)
    HAL_ICACHE_ConfigAssociativityMode       0x08000fa5   Thumb Code    32  stm32h5xx_hal_icache.o(.text.HAL_ICACHE_ConfigAssociativityMode)
    HAL_ICACHE_Enable                        0x08000fc5   Thumb Code    20  stm32h5xx_hal_icache.o(.text.HAL_ICACHE_Enable)
    HAL_IncTick                              0x08000fd9   Thumb Code    26  stm32h5xx_hal.o(.text.HAL_IncTick)
    HAL_Init                                 0x08000ff5   Thumb Code    76  stm32h5xx_hal.o(.text.HAL_Init)
    HAL_InitTick                             0x08001041   Thumb Code   170  stm32h5xx_hal.o(.text.HAL_InitTick)
    HAL_MspInit                              0x080010ed   Thumb Code     2  stm32h5xx_hal_msp.o(.text.HAL_MspInit)
    HAL_NVIC_SetPriority                     0x080010f1   Thumb Code    86  stm32h5xx_hal_cortex.o(.text.HAL_NVIC_SetPriority)
    HAL_NVIC_SetPriorityGrouping             0x08001149   Thumb Code    32  stm32h5xx_hal_cortex.o(.text.HAL_NVIC_SetPriorityGrouping)
    HAL_RCCEx_GetPLL1ClockFreq               0x08001169   Thumb Code   436  stm32h5xx_hal_rcc_ex.o(.text.HAL_RCCEx_GetPLL1ClockFreq)
    HAL_RCCEx_GetPLL2ClockFreq               0x0800131d   Thumb Code   436  stm32h5xx_hal_rcc_ex.o(.text.HAL_RCCEx_GetPLL2ClockFreq)
    HAL_RCCEx_GetPeriphCLKFreq               0x080014d1   Thumb Code  1920  stm32h5xx_hal_rcc_ex.o(.text.HAL_RCCEx_GetPeriphCLKFreq)
    HAL_RCCEx_PeriphCLKConfig                0x08001c51   Thumb Code  1732  stm32h5xx_hal_rcc_ex.o(.text.HAL_RCCEx_PeriphCLKConfig)
    HAL_RCC_ClockConfig                      0x08002315   Thumb Code   622  stm32h5xx_hal_rcc.o(.text.HAL_RCC_ClockConfig)
    HAL_RCC_GetHCLKFreq                      0x08002585   Thumb Code    48  stm32h5xx_hal_rcc.o(.text.HAL_RCC_GetHCLKFreq)
    HAL_RCC_GetPCLK1Freq                     0x080025b5   Thumb Code    70  stm32h5xx_hal_rcc.o(.text.HAL_RCC_GetPCLK1Freq)
    HAL_RCC_GetPCLK2Freq                     0x080025fd   Thumb Code    70  stm32h5xx_hal_rcc.o(.text.HAL_RCC_GetPCLK2Freq)
    HAL_RCC_GetPCLK3Freq                     0x08002645   Thumb Code    70  stm32h5xx_hal_rcc.o(.text.HAL_RCC_GetPCLK3Freq)
    HAL_RCC_GetSysClockFreq                  0x0800268d   Thumb Code   300  stm32h5xx_hal_rcc.o(.text.HAL_RCC_GetSysClockFreq)
    HAL_RCC_OscConfig                        0x080027b9   Thumb Code  1610  stm32h5xx_hal_rcc.o(.text.HAL_RCC_OscConfig)
    HAL_SYSTICK_CLKSourceConfig              0x08002e05   Thumb Code   142  stm32h5xx_hal_cortex.o(.text.HAL_SYSTICK_CLKSourceConfig)
    HAL_SYSTICK_Config                       0x08002e95   Thumb Code    36  stm32h5xx_hal_cortex.o(.text.HAL_SYSTICK_Config)
    HAL_SYSTICK_GetCLKSourceConfig           0x08002eb9   Thumb Code    48  stm32h5xx_hal_cortex.o(.text.HAL_SYSTICK_GetCLKSourceConfig)
    HAL_UARTEx_DisableFifoMode               0x08002ee9   Thumb Code    54  stm32h5xx_hal_uart_ex.o(.text.HAL_UARTEx_DisableFifoMode)
    HAL_UARTEx_SetRxFifoThreshold            0x08002f21   Thumb Code   140  stm32h5xx_hal_uart_ex.o(.text.HAL_UARTEx_SetRxFifoThreshold)
    HAL_UARTEx_SetTxFifoThreshold            0x08002fad   Thumb Code   140  stm32h5xx_hal_uart_ex.o(.text.HAL_UARTEx_SetTxFifoThreshold)
    HAL_UART_Init                            0x08003039   Thumb Code   104  stm32h5xx_hal_uart.o(.text.HAL_UART_Init)
    HAL_UART_MspInit                         0x080030a1   Thumb Code     2  stm32h5xx_hal_uart.o(.text.HAL_UART_MspInit)
    HAL_UART_Transmit                        0x080030a5   Thumb Code   416  stm32h5xx_hal_uart.o(.text.HAL_UART_Transmit)
    HardFault_Handler                        0x08003245   Thumb Code     2  stm32h5xx_it.o(.text.HardFault_Handler)
    MX_GPIO_Init                             0x080036ad   Thumb Code    92  gpio.o(.text.MX_GPIO_Init)
    MX_I2C1_Init                             0x08003709   Thumb Code    78  custom_bus.o(.text.MX_I2C1_Init)
    MX_ICACHE_Init                           0x08003759   Thumb Code    34  icache.o(.text.MX_ICACHE_Init)
    MX_TOF_Init                              0x0800377d   Thumb Code    36  app_tof.o(.text.MX_TOF_Init)
    MX_TOF_Process                           0x080037f1   Thumb Code   264  app_tof.o(.text.MX_TOF_Process)
    MX_USART1_UART_Init                      0x0800397d   Thumb Code    92  custom.o(.text.MX_USART1_UART_Init)
    MemManage_Handler                        0x080039d9   Thumb Code     2  stm32h5xx_it.o(.text.MemManage_Handler)
    NMI_Handler                              0x080039dd   Thumb Code     2  stm32h5xx_it.o(.text.NMI_Handler)
    PendSV_Handler                           0x080039e1   Thumb Code     2  stm32h5xx_it.o(.text.PendSV_Handler)
    SVC_Handler                              0x08003ad5   Thumb Code     2  stm32h5xx_it.o(.text.SVC_Handler)
    SysTick_Handler                          0x08003ad9   Thumb Code     4  stm32h5xx_it.o(.text.SysTick_Handler)
    SystemClock_Config                       0x08003add   Thumb Code   198  main.o(.text.SystemClock_Config)
    SystemInit                               0x08003ba5   Thumb Code   168  system_stm32h5xx.o(.text.SystemInit)
    UART_AdvFeatureConfig                    0x08003c4d   Thumb Code   232  stm32h5xx_hal_uart.o(.text.UART_AdvFeatureConfig)
    UART_CheckIdleState                      0x08003d35   Thumb Code   366  stm32h5xx_hal_uart.o(.text.UART_CheckIdleState)
    UART_SetConfig                           0x08003ea5   Thumb Code   430  stm32h5xx_hal_uart.o(.text.UART_SetConfig)
    UART_WaitOnFlagUntilTimeout              0x08004055   Thumb Code   848  stm32h5xx_hal_uart.o(.text.UART_WaitOnFlagUntilTimeout)
    UsageFault_Handler                       0x080043a5   Thumb Code     2  stm32h5xx_it.o(.text.UsageFault_Handler)
    VL53L4CD_CheckForDataReady               0x080043a9   Thumb Code    68  vl53l4cd_api.o(.text.VL53L4CD_CheckForDataReady)
    VL53L4CD_ClearInterrupt                  0x080043ed   Thumb Code     8  vl53l4cd_api.o(.text.VL53L4CD_ClearInterrupt)
    VL53L4CD_ConfigIT                        0x080043f5   Thumb Code    72  vl53l4cd.o(.text.VL53L4CD_ConfigIT)
    VL53L4CD_ConfigProfile                   0x0800443d   Thumb Code    88  vl53l4cd.o(.text.VL53L4CD_ConfigProfile)
    VL53L4CD_ConfigROI                       0x08004495   Thumb Code     6  vl53l4cd.o(.text.VL53L4CD_ConfigROI)
    VL53L4CD_DeInit                          0x0800449d   Thumb Code    38  vl53l4cd.o(.text.VL53L4CD_DeInit)
    VL53L4CD_GetAddress                      0x080044c5   Thumb Code    24  vl53l4cd.o(.text.VL53L4CD_GetAddress)
    VL53L4CD_GetCapabilities                 0x080044dd   Thumb Code    30  vl53l4cd.o(.text.VL53L4CD_GetCapabilities)
    VL53L4CD_GetDistance                     0x080044fd   Thumb Code   236  vl53l4cd.o(.text.VL53L4CD_GetDistance)
    VL53L4CD_GetPowerMode                    0x080045e9   Thumb Code     6  vl53l4cd.o(.text.VL53L4CD_GetPowerMode)
    VL53L4CD_GetResult                       0x080045f1   Thumb Code   168  vl53l4cd_api.o(.text.VL53L4CD_GetResult)
    VL53L4CD_Init                            0x080046b1   Thumb Code    46  vl53l4cd.o(.text.VL53L4CD_Init)
    VL53L4CD_RdByte                          0x080046e1   Thumb Code    50  platform.o(.text.VL53L4CD_RdByte)
    VL53L4CD_RdDWord                         0x08004715   Thumb Code    70  platform.o(.text.VL53L4CD_RdDWord)
    VL53L4CD_RdWord                          0x0800475d   Thumb Code    72  platform.o(.text.VL53L4CD_RdWord)
    VL53L4CD_ReadID                          0x080047a5   Thumb Code    58  vl53l4cd.o(.text.VL53L4CD_ReadID)
    VL53L4CD_RegisterBusIO                   0x080047e1   Thumb Code    60  vl53l4cd.o(.text.VL53L4CD_RegisterBusIO)
    VL53L4CD_SensorInit                      0x0800481d   Thumb Code   322  vl53l4cd_api.o(.text.VL53L4CD_SensorInit)
    VL53L4CD_SetAddress                      0x08004961   Thumb Code    44  vl53l4cd.o(.text.VL53L4CD_SetAddress)
    VL53L4CD_SetDetectionThresholds          0x0800498d   Thumb Code    50  vl53l4cd_api.o(.text.VL53L4CD_SetDetectionThresholds)
    VL53L4CD_SetI2CAddress                   0x080049c1   Thumb Code     8  vl53l4cd_api.o(.text.VL53L4CD_SetI2CAddress)
    VL53L4CD_SetPowerMode                    0x080049c9   Thumb Code     6  vl53l4cd.o(.text.VL53L4CD_SetPowerMode)
    VL53L4CD_SetRangeTiming                  0x080049d1   Thumb Code   416  vl53l4cd_api.o(.text.VL53L4CD_SetRangeTiming)
    VL53L4CD_Start                           0x08004b71   Thumb Code    90  vl53l4cd.o(.text.VL53L4CD_Start)
    VL53L4CD_StartRanging                    0x08004bcd   Thumb Code    40  vl53l4cd_api.o(.text.VL53L4CD_StartRanging)
    VL53L4CD_Stop                            0x08004bf5   Thumb Code    38  vl53l4cd.o(.text.VL53L4CD_Stop)
    VL53L4CD_StopRanging                     0x08004c1d   Thumb Code     8  vl53l4cd_api.o(.text.VL53L4CD_StopRanging)
    VL53L4CD_WaitMs                          0x08004c25   Thumb Code    26  platform.o(.text.VL53L4CD_WaitMs)
    VL53L4CD_WrByte                          0x08004c41   Thumb Code    40  platform.o(.text.VL53L4CD_WrByte)
    VL53L4CD_WrDWord                         0x08004c69   Thumb Code    52  platform.o(.text.VL53L4CD_WrDWord)
    VL53L4CD_WrWord                          0x08004c9d   Thumb Code    44  platform.o(.text.VL53L4CD_WrWord)
    fputc                                    0x08004cc9   Thumb Code    50  custom.o(.text.fputc)
    main                                     0x08004cfd   Thumb Code    26  main.o(.text.main)
    __0printf$6                              0x08004d19   Thumb Code    22  printf6.o(i.__0printf$6)
    __1printf$6                              0x08004d19   Thumb Code     0  printf6.o(i.__0printf$6)
    __2printf                                0x08004d19   Thumb Code     0  printf6.o(i.__0printf$6)
    __scatterload_copy                       0x08004d39   Thumb Code    14  handlers.o(i.__scatterload_copy)
    __scatterload_null                       0x08004d47   Thumb Code     2  handlers.o(i.__scatterload_null)
    __scatterload_zeroinit                   0x08004d49   Thumb Code    14  handlers.o(i.__scatterload_zeroinit)
    putchar                                  0x0800509d   Thumb Code     6  putchar.o(i.putchar)
    puts                                     0x080050a9   Thumb Code    30  puts.o(i.puts)
    AHBPrescTable                            0x080050cc   Data          16  system_stm32h5xx.o(.rodata.AHBPrescTable)
    APBPrescTable                            0x080050dc   Data           8  system_stm32h5xx.o(.rodata.APBPrescTable)
    UARTPrescTable                           0x080050e4   Data          24  stm32h5xx_hal_uart.o(.rodata.UARTPrescTable)
    Region$$Table$$Base                      0x08005168   Number         0  anon$$obj.o(Region$$Table)
    Region$$Table$$Limit                     0x08005188   Number         0  anon$$obj.o(Region$$Table)
    __stdout                                 0x20000000   Data           4  stdout.o(.data)
    uwTickFreq                               0x20000004   Data           1  stm32h5xx_hal.o(.data..L_MergedGlobals)
    uwTickPrio                               0x20000008   Data           4  stm32h5xx_hal.o(.data..L_MergedGlobals)
    COM_USART                                0x2000000c   Data           4  custom.o(.data.COM_USART)
    SystemCoreClock                          0x20000010   Data           4  system_stm32h5xx.o(.data.SystemCoreClock)
    VL53L4CD_RANGING_SENSOR_Driver           0x20000014   Data          56  vl53l4cd.o(.data.VL53L4CD_RANGING_SENSOR_Driver)
    hi2c1                                    0x20000054   Data          84  custom_bus.o(.bss..L_MergedGlobals)
    CUSTOM_RANGING_CompObj                   0x200000a8   Data           4  custom_ranging_sensor.o(.bss..L_MergedGlobals)
    _I2CBuffer                               0x20000119   Data         256  platform.o(.bss._I2CBuffer)
    hcom_uart                                0x2000021c   Data         148  custom.o(.bss.hcom_uart)
    uwTick                                   0x200002b0   Data           4  stm32h5xx_hal.o(.bss.uwTick)
    __initial_sp                             0x200042b8   Data           0  startup_stm32h503xx.o(STACK)



==============================================================================

Memory Map of the image

  Image Entry point : 0x08000259

  Load Region LR_IROM1 (Base: 0x08000000, Size: 0x000051d8, Max: 0x00020000, ABSOLUTE)

    Execution Region ER_IROM1 (Exec base: 0x08000000, Load base: 0x08000000, Size: 0x00005188, Max: 0x00020000, ABSOLUTE)

    Exec Addr    Load Addr    Size         Type   Attr      Idx    E Section Name        Object

    0x08000000   0x08000000   0x00000258   Data   RO            3    RESET               startup_stm32h503xx.o
    0x08000258   0x08000258   0x00000000   Code   RO         1353  * .ARM.Collect$$$$00000000  mc_w.l(entry.o)
    0x08000258   0x08000258   0x00000004   Code   RO         1627    .ARM.Collect$$$$00000001  mc_w.l(entry2.o)
    0x0800025c   0x0800025c   0x00000004   Code   RO         1630    .ARM.Collect$$$$00000004  mc_w.l(entry5.o)
    0x08000260   0x08000260   0x00000000   Code   RO         1632    .ARM.Collect$$$$00000008  mc_w.l(entry7b.o)
    0x08000260   0x08000260   0x00000000   Code   RO         1634    .ARM.Collect$$$$0000000A  mc_w.l(entry8b.o)
    0x08000260   0x08000260   0x00000008   Code   RO         1635    .ARM.Collect$$$$0000000B  mc_w.l(entry9a.o)
    0x08000268   0x08000268   0x00000000   Code   RO         1637    .ARM.Collect$$$$0000000D  mc_w.l(entry10a.o)
    0x08000268   0x08000268   0x00000000   Code   RO         1639    .ARM.Collect$$$$0000000F  mc_w.l(entry11a.o)
    0x08000268   0x08000268   0x00000004   Code   RO         1628    .ARM.Collect$$$$00002712  mc_w.l(entry2.o)
    0x0800026c   0x0800026c   0x00000028   Code   RO            4    .text               startup_stm32h503xx.o
    0x08000294   0x08000294   0x00000062   Code   RO         1362    .text               mc_w.l(uldiv.o)
    0x080002f6   0x080002f6   0x00000024   Code   RO         1364    .text               mc_w.l(memseta.o)
    0x0800031a   0x0800031a   0x0000002c   Code   RO         1651    .text               mc_w.l(uidiv.o)
    0x08000346   0x08000346   0x0000001e   Code   RO         1653    .text               mc_w.l(llshl.o)
    0x08000364   0x08000364   0x00000020   Code   RO         1655    .text               mc_w.l(llushr.o)
    0x08000384   0x08000384   0x00000024   Code   RO         1668    .text               mc_w.l(init.o)
    0x080003a8   0x080003a8   0x000000c4   Code   RO          292    .text.BSP_COM_Init  custom.o
    0x0800046c   0x0800046c   0x00000004   Code   RO           64    .text.BSP_GetTick   custom_bus.o
    0x08000470   0x08000470   0x00000050   Code   RO           48    .text.BSP_I2C1_DeInit  custom_bus.o
    0x080004c0   0x080004c0   0x000000f2   Code   RO           44    .text.BSP_I2C1_Init  custom_bus.o
    0x080005b2   0x080005b2   0x00000002   PAD
    0x080005b4   0x080005b4   0x00000042   Code   RO           62    .text.BSP_I2C1_Recv  custom_bus.o
    0x080005f6   0x080005f6   0x00000002   PAD
    0x080005f8   0x080005f8   0x00000042   Code   RO           60    .text.BSP_I2C1_Send  custom_bus.o
    0x0800063a   0x0800063a   0x00000002   PAD
    0x0800063c   0x0800063c   0x00000002   Code   RO           81    .text.BusFault_Handler  stm32h5xx_it.o
    0x0800063e   0x0800063e   0x00000002   PAD
    0x08000640   0x08000640   0x0000002c   Code   RO          116    .text.CUSTOM_RANGING_SENSOR_ConfigProfile  custom_ranging_sensor.o
    0x0800066c   0x0800066c   0x0000002c   Code   RO          114    .text.CUSTOM_RANGING_SENSOR_GetCapabilities  custom_ranging_sensor.o
    0x08000698   0x08000698   0x0000002c   Code   RO          122    .text.CUSTOM_RANGING_SENSOR_GetDistance  custom_ranging_sensor.o
    0x080006c4   0x080006c4   0x000000ca   Code   RO          108    .text.CUSTOM_RANGING_SENSOR_Init  custom_ranging_sensor.o
    0x0800078e   0x0800078e   0x00000002   PAD
    0x08000790   0x08000790   0x0000002c   Code   RO          112    .text.CUSTOM_RANGING_SENSOR_ReadID  custom_ranging_sensor.o
    0x080007bc   0x080007bc   0x0000002c   Code   RO          124    .text.CUSTOM_RANGING_SENSOR_Start  custom_ranging_sensor.o
    0x080007e8   0x080007e8   0x00000002   Code   RO           87    .text.DebugMon_Handler  stm32h5xx_it.o
    0x080007ea   0x080007ea   0x00000002   PAD
    0x080007ec   0x080007ec   0x00000006   Code   RO           15    .text.Error_Handler  main.o
    0x080007f2   0x080007f2   0x00000002   PAD
    0x080007f4   0x080007f4   0x00000028   Code   RO          995    .text.HAL_Delay     stm32h5xx_hal.o
    0x0800081c   0x0800081c   0x000000fa   Code   RO          777    .text.HAL_GPIO_DeInit  stm32h5xx_hal_gpio.o
    0x08000916   0x08000916   0x00000002   PAD
    0x08000918   0x08000918   0x0000019a   Code   RO          775    .text.HAL_GPIO_Init  stm32h5xx_hal_gpio.o
    0x08000ab2   0x08000ab2   0x00000002   PAD
    0x08000ab4   0x08000ab4   0x0000000c   Code   RO          781    .text.HAL_GPIO_WritePin  stm32h5xx_hal_gpio.o
    0x08000ac0   0x08000ac0   0x0000000c   Code   RO          987    .text.HAL_GetTick   stm32h5xx_hal.o
    0x08000acc   0x08000acc   0x0000004a   Code   RO          467    .text.HAL_I2CEx_ConfigAnalogFilter  stm32h5xx_hal_i2c_ex.o
    0x08000b16   0x08000b16   0x00000002   PAD
    0x08000b18   0x08000b18   0x00000048   Code   RO          469    .text.HAL_I2CEx_ConfigDigitalFilter  stm32h5xx_hal_i2c_ex.o
    0x08000b60   0x08000b60   0x00000036   Code   RO          317    .text.HAL_I2C_DeInit  stm32h5xx_hal_i2c.o
    0x08000b96   0x08000b96   0x00000002   PAD
    0x08000b98   0x08000b98   0x00000004   Code   RO          443    .text.HAL_I2C_GetError  stm32h5xx_hal_i2c.o
    0x08000b9c   0x08000b9c   0x00000006   Code   RO          439    .text.HAL_I2C_GetState  stm32h5xx_hal_i2c.o
    0x08000ba2   0x08000ba2   0x00000002   PAD
    0x08000ba4   0x08000ba4   0x000000ac   Code   RO          313    .text.HAL_I2C_Init  stm32h5xx_hal_i2c.o
    0x08000c50   0x08000c50   0x000001a6   Code   RO          329    .text.HAL_I2C_Master_Receive  stm32h5xx_hal_i2c.o
    0x08000df6   0x08000df6   0x00000002   PAD
    0x08000df8   0x08000df8   0x000001a2   Code   RO          321    .text.HAL_I2C_Master_Transmit  stm32h5xx_hal_i2c.o
    0x08000f9a   0x08000f9a   0x00000002   PAD
    0x08000f9c   0x08000f9c   0x00000002   Code   RO          319    .text.HAL_I2C_MspDeInit  stm32h5xx_hal_i2c.o
    0x08000f9e   0x08000f9e   0x00000002   PAD
    0x08000fa0   0x08000fa0   0x00000002   Code   RO          315    .text.HAL_I2C_MspInit  stm32h5xx_hal_i2c.o
    0x08000fa2   0x08000fa2   0x00000002   PAD
    0x08000fa4   0x08000fa4   0x00000020   Code   RO         1297    .text.HAL_ICACHE_ConfigAssociativityMode  stm32h5xx_hal_icache.o
    0x08000fc4   0x08000fc4   0x00000014   Code   RO         1301    .text.HAL_ICACHE_Enable  stm32h5xx_hal_icache.o
    0x08000fd8   0x08000fd8   0x0000001a   Code   RO          985    .text.HAL_IncTick   stm32h5xx_hal.o
    0x08000ff2   0x08000ff2   0x00000002   PAD
    0x08000ff4   0x08000ff4   0x0000004c   Code   RO          975    .text.HAL_Init      stm32h5xx_hal.o
    0x08001040   0x08001040   0x000000aa   Code   RO          977    .text.HAL_InitTick  stm32h5xx_hal.o
    0x080010ea   0x080010ea   0x00000002   PAD
    0x080010ec   0x080010ec   0x00000002   Code   RO          100    .text.HAL_MspInit   stm32h5xx_hal_msp.o
    0x080010ee   0x080010ee   0x00000002   PAD
    0x080010f0   0x080010f0   0x00000056   Code   RO          923    .text.HAL_NVIC_SetPriority  stm32h5xx_hal_cortex.o
    0x08001146   0x08001146   0x00000002   PAD
    0x08001148   0x08001148   0x00000020   Code   RO          921    .text.HAL_NVIC_SetPriorityGrouping  stm32h5xx_hal_cortex.o
    0x08001168   0x08001168   0x000001b4   Code   RO          648    .text.HAL_RCCEx_GetPLL1ClockFreq  stm32h5xx_hal_rcc_ex.o
    0x0800131c   0x0800131c   0x000001b4   Code   RO          650    .text.HAL_RCCEx_GetPLL2ClockFreq  stm32h5xx_hal_rcc_ex.o
    0x080014d0   0x080014d0   0x00000780   Code   RO          652    .text.HAL_RCCEx_GetPeriphCLKFreq  stm32h5xx_hal_rcc_ex.o
    0x08001c50   0x08001c50   0x000006c4   Code   RO          642    .text.HAL_RCCEx_PeriphCLKConfig  stm32h5xx_hal_rcc_ex.o
    0x08002314   0x08002314   0x0000026e   Code   RO          606    .text.HAL_RCC_ClockConfig  stm32h5xx_hal_rcc.o
    0x08002582   0x08002582   0x00000002   PAD
    0x08002584   0x08002584   0x00000030   Code   RO          604    .text.HAL_RCC_GetHCLKFreq  stm32h5xx_hal_rcc.o
    0x080025b4   0x080025b4   0x00000046   Code   RO          612    .text.HAL_RCC_GetPCLK1Freq  stm32h5xx_hal_rcc.o
    0x080025fa   0x080025fa   0x00000002   PAD
    0x080025fc   0x080025fc   0x00000046   Code   RO          614    .text.HAL_RCC_GetPCLK2Freq  stm32h5xx_hal_rcc.o
    0x08002642   0x08002642   0x00000002   PAD
    0x08002644   0x08002644   0x00000046   Code   RO          616    .text.HAL_RCC_GetPCLK3Freq  stm32h5xx_hal_rcc.o
    0x0800268a   0x0800268a   0x00000002   PAD
    0x0800268c   0x0800268c   0x0000012c   Code   RO          608    .text.HAL_RCC_GetSysClockFreq  stm32h5xx_hal_rcc.o
    0x080027b8   0x080027b8   0x0000064a   Code   RO          602    .text.HAL_RCC_OscConfig  stm32h5xx_hal_rcc.o
    0x08002e02   0x08002e02   0x00000002   PAD
    0x08002e04   0x08002e04   0x0000008e   Code   RO          947    .text.HAL_SYSTICK_CLKSourceConfig  stm32h5xx_hal_cortex.o
    0x08002e92   0x08002e92   0x00000002   PAD
    0x08002e94   0x08002e94   0x00000024   Code   RO          945    .text.HAL_SYSTICK_Config  stm32h5xx_hal_cortex.o
    0x08002eb8   0x08002eb8   0x00000030   Code   RO          949    .text.HAL_SYSTICK_GetCLKSourceConfig  stm32h5xx_hal_cortex.o
    0x08002ee8   0x08002ee8   0x00000036   Code   RO         1274    .text.HAL_UARTEx_DisableFifoMode  stm32h5xx_hal_uart_ex.o
    0x08002f1e   0x08002f1e   0x00000002   PAD
    0x08002f20   0x08002f20   0x0000008c   Code   RO         1278    .text.HAL_UARTEx_SetRxFifoThreshold  stm32h5xx_hal_uart_ex.o
    0x08002fac   0x08002fac   0x0000008c   Code   RO         1276    .text.HAL_UARTEx_SetTxFifoThreshold  stm32h5xx_hal_uart_ex.o
    0x08003038   0x08003038   0x00000068   Code   RO         1113    .text.HAL_UART_Init  stm32h5xx_hal_uart.o
    0x080030a0   0x080030a0   0x00000002   Code   RO         1115    .text.HAL_UART_MspInit  stm32h5xx_hal_uart.o
    0x080030a2   0x080030a2   0x00000002   PAD
    0x080030a4   0x080030a4   0x000001a0   Code   RO         1133    .text.HAL_UART_Transmit  stm32h5xx_hal_uart.o
    0x08003244   0x08003244   0x00000002   Code   RO           77    .text.HardFault_Handler  stm32h5xx_it.o
    0x08003246   0x08003246   0x00000002   PAD
    0x08003248   0x08003248   0x00000160   Code   RO          457    .text.I2C_IsErrorOccurred  stm32h5xx_hal_i2c.o
    0x080033a8   0x080033a8   0x00000102   Code   RO          323    .text.I2C_WaitOnFlagUntilTimeout  stm32h5xx_hal_i2c.o
    0x080034aa   0x080034aa   0x00000002   PAD
    0x080034ac   0x080034ac   0x000000d2   Code   RO          331    .text.I2C_WaitOnRXNEFlagUntilTimeout  stm32h5xx_hal_i2c.o
    0x0800357e   0x0800357e   0x00000002   PAD
    0x08003580   0x08003580   0x00000080   Code   RO          327    .text.I2C_WaitOnSTOPFlagUntilTimeout  stm32h5xx_hal_i2c.o
    0x08003600   0x08003600   0x000000ac   Code   RO          325    .text.I2C_WaitOnTXISFlagUntilTimeout  stm32h5xx_hal_i2c.o
    0x080036ac   0x080036ac   0x0000005c   Code   RO           25    .text.MX_GPIO_Init  gpio.o
    0x08003708   0x08003708   0x0000004e   Code   RO           46    .text.MX_I2C1_Init  custom_bus.o
    0x08003756   0x08003756   0x00000002   PAD
    0x08003758   0x08003758   0x00000022   Code   RO           35    .text.MX_ICACHE_Init  icache.o
    0x0800377a   0x0800377a   0x00000002   PAD
    0x0800377c   0x0800377c   0x00000074   Code   RO          145    .text.MX_TOF_Init   app_tof.o
    0x080037f0   0x080037f0   0x0000018c   Code   RO          147    .text.MX_TOF_Process  app_tof.o
    0x0800397c   0x0800397c   0x0000005c   Code   RO          294    .text.MX_USART1_UART_Init  custom.o
    0x080039d8   0x080039d8   0x00000002   Code   RO           79    .text.MemManage_Handler  stm32h5xx_it.o
    0x080039da   0x080039da   0x00000002   PAD
    0x080039dc   0x080039dc   0x00000002   Code   RO           75    .text.NMI_Handler   stm32h5xx_it.o
    0x080039de   0x080039de   0x00000002   PAD
    0x080039e0   0x080039e0   0x00000002   Code   RO           89    .text.PendSV_Handler  stm32h5xx_it.o
    0x080039e2   0x080039e2   0x00000002   PAD
    0x080039e4   0x080039e4   0x000000f0   Code   RO          644    .text.RCCEx_PLL2_Config  stm32h5xx_hal_rcc_ex.o
    0x08003ad4   0x08003ad4   0x00000002   Code   RO           85    .text.SVC_Handler   stm32h5xx_it.o
    0x08003ad6   0x08003ad6   0x00000002   PAD
    0x08003ad8   0x08003ad8   0x00000004   Code   RO           91    .text.SysTick_Handler  stm32h5xx_it.o
    0x08003adc   0x08003adc   0x000000c6   Code   RO           13    .text.SystemClock_Config  main.o
    0x08003ba2   0x08003ba2   0x00000002   PAD
    0x08003ba4   0x08003ba4   0x000000a8   Code   RO         1339    .text.SystemInit    system_stm32h5xx.o
    0x08003c4c   0x08003c4c   0x000000e8   Code   RO         1117    .text.UART_AdvFeatureConfig  stm32h5xx_hal_uart.o
    0x08003d34   0x08003d34   0x0000016e   Code   RO         1121    .text.UART_CheckIdleState  stm32h5xx_hal_uart.o
    0x08003ea2   0x08003ea2   0x00000002   PAD
    0x08003ea4   0x08003ea4   0x000001ae   Code   RO         1119    .text.UART_SetConfig  stm32h5xx_hal_uart.o
    0x08004052   0x08004052   0x00000002   PAD
    0x08004054   0x08004054   0x00000350   Code   RO         1135    .text.UART_WaitOnFlagUntilTimeout  stm32h5xx_hal_uart.o
    0x080043a4   0x080043a4   0x00000002   Code   RO           83    .text.UsageFault_Handler  stm32h5xx_it.o
    0x080043a6   0x080043a6   0x00000002   PAD
    0x080043a8   0x080043a8   0x00000044   Code   RO          167    .text.VL53L4CD_CheckForDataReady  vl53l4cd_api.o
    0x080043ec   0x080043ec   0x00000008   Code   RO          169    .text.VL53L4CD_ClearInterrupt  vl53l4cd_api.o
    0x080043f4   0x080043f4   0x00000048   Code   RO          259    .text.VL53L4CD_ConfigIT  vl53l4cd.o
    0x0800443c   0x0800443c   0x00000058   Code   RO          255    .text.VL53L4CD_ConfigProfile  vl53l4cd.o
    0x08004494   0x08004494   0x00000006   Code   RO          257    .text.VL53L4CD_ConfigROI  vl53l4cd.o
    0x0800449a   0x0800449a   0x00000002   PAD
    0x0800449c   0x0800449c   0x00000026   Code   RO          249    .text.VL53L4CD_DeInit  vl53l4cd.o
    0x080044c2   0x080044c2   0x00000002   PAD
    0x080044c4   0x080044c4   0x00000018   Code   RO          269    .text.VL53L4CD_GetAddress  vl53l4cd.o
    0x080044dc   0x080044dc   0x0000001e   Code   RO          253    .text.VL53L4CD_GetCapabilities  vl53l4cd.o
    0x080044fa   0x080044fa   0x00000002   PAD
    0x080044fc   0x080044fc   0x000000ec   Code   RO          261    .text.VL53L4CD_GetDistance  vl53l4cd.o
    0x080045e8   0x080045e8   0x00000006   Code   RO          273    .text.VL53L4CD_GetPowerMode  vl53l4cd.o
    0x080045ee   0x080045ee   0x00000002   PAD
    0x080045f0   0x080045f0   0x000000c0   Code   RO          179    .text.VL53L4CD_GetResult  vl53l4cd_api.o
    0x080046b0   0x080046b0   0x0000002e   Code   RO          247    .text.VL53L4CD_Init  vl53l4cd.o
    0x080046de   0x080046de   0x00000002   PAD
    0x080046e0   0x080046e0   0x00000032   Code   RO          230    .text.VL53L4CD_RdByte  platform.o
    0x08004712   0x08004712   0x00000002   PAD
    0x08004714   0x08004714   0x00000046   Code   RO          234    .text.VL53L4CD_RdDWord  platform.o
    0x0800475a   0x0800475a   0x00000002   PAD
    0x0800475c   0x0800475c   0x00000048   Code   RO          232    .text.VL53L4CD_RdWord  platform.o
    0x080047a4   0x080047a4   0x0000003a   Code   RO          251    .text.VL53L4CD_ReadID  vl53l4cd.o
    0x080047de   0x080047de   0x00000002   PAD
    0x080047e0   0x080047e0   0x0000003c   Code   RO          275    .text.VL53L4CD_RegisterBusIO  vl53l4cd.o
    0x0800481c   0x0800481c   0x00000142   Code   RO          165    .text.VL53L4CD_SensorInit  vl53l4cd_api.o
    0x0800495e   0x0800495e   0x00000002   PAD
    0x08004960   0x08004960   0x0000002c   Code   RO          267    .text.VL53L4CD_SetAddress  vl53l4cd.o
    0x0800498c   0x0800498c   0x00000032   Code   RO          189    .text.VL53L4CD_SetDetectionThresholds  vl53l4cd_api.o
    0x080049be   0x080049be   0x00000002   PAD
    0x080049c0   0x080049c0   0x00000008   Code   RO          161    .text.VL53L4CD_SetI2CAddress  vl53l4cd_api.o
    0x080049c8   0x080049c8   0x00000006   Code   RO          271    .text.VL53L4CD_SetPowerMode  vl53l4cd.o
    0x080049ce   0x080049ce   0x00000002   PAD
    0x080049d0   0x080049d0   0x000001a0   Code   RO          173    .text.VL53L4CD_SetRangeTiming  vl53l4cd_api.o
    0x08004b70   0x08004b70   0x0000005a   Code   RO          263    .text.VL53L4CD_Start  vl53l4cd.o
    0x08004bca   0x08004bca   0x00000002   PAD
    0x08004bcc   0x08004bcc   0x00000028   Code   RO          175    .text.VL53L4CD_StartRanging  vl53l4cd_api.o
    0x08004bf4   0x08004bf4   0x00000026   Code   RO          265    .text.VL53L4CD_Stop  vl53l4cd.o
    0x08004c1a   0x08004c1a   0x00000002   PAD
    0x08004c1c   0x08004c1c   0x00000008   Code   RO          171    .text.VL53L4CD_StopRanging  vl53l4cd_api.o
    0x08004c24   0x08004c24   0x0000001a   Code   RO          236    .text.VL53L4CD_WaitMs  platform.o
    0x08004c3e   0x08004c3e   0x00000002   PAD
    0x08004c40   0x08004c40   0x00000028   Code   RO          224    .text.VL53L4CD_WrByte  platform.o
    0x08004c68   0x08004c68   0x00000034   Code   RO          228    .text.VL53L4CD_WrDWord  platform.o
    0x08004c9c   0x08004c9c   0x0000002c   Code   RO          226    .text.VL53L4CD_WrWord  platform.o
    0x08004cc8   0x08004cc8   0x00000032   Code   RO          300    .text.fputc         custom.o
    0x08004cfa   0x08004cfa   0x00000002   PAD
    0x08004cfc   0x08004cfc   0x0000001a   Code   RO           11    .text.main          main.o
    0x08004d16   0x08004d16   0x00000002   PAD
    0x08004d18   0x08004d18   0x00000020   Code   RO         1521    i.__0printf$6       mc_w.l(printf6.o)
    0x08004d38   0x08004d38   0x0000000e   Code   RO         1676    i.__scatterload_copy  mc_w.l(handlers.o)
    0x08004d46   0x08004d46   0x00000002   Code   RO         1677    i.__scatterload_null  mc_w.l(handlers.o)
    0x08004d48   0x08004d48   0x0000000e   Code   RO         1678    i.__scatterload_zeroinit  mc_w.l(handlers.o)
    0x08004d56   0x08004d56   0x00000002   PAD
    0x08004d58   0x08004d58   0x000002f0   Code   RO         1528    i._printf_core      mc_w.l(printf6.o)
    0x08005048   0x08005048   0x00000024   Code   RO         1529    i._printf_post_padding  mc_w.l(printf6.o)
    0x0800506c   0x0800506c   0x0000002e   Code   RO         1530    i._printf_pre_padding  mc_w.l(printf6.o)
    0x0800509a   0x0800509a   0x00000002   PAD
    0x0800509c   0x0800509c   0x0000000c   Code   RO         1358    i.putchar           mc_w.l(putchar.o)
    0x080050a8   0x080050a8   0x00000024   Code   RO         1356    i.puts              mc_w.l(puts.o)
    0x080050cc   0x080050cc   0x00000010   Data   RO         1344    .rodata.AHBPrescTable  system_stm32h5xx.o
    0x080050dc   0x080050dc   0x00000008   Data   RO         1345    .rodata.APBPrescTable  system_stm32h5xx.o
    0x080050e4   0x080050e4   0x00000018   Data   RO         1247    .rodata.UARTPrescTable  stm32h5xx_hal_uart.o
    0x080050fc   0x080050fc   0x0000005b   Data   RO          203    .rodata.VL53L4CD_DEFAULT_CONFIGURATION  vl53l4cd_api.o
    0x08005157   0x08005157   0x00000010   Data   RO         1288    .rodata.cst8        stm32h5xx_hal_uart_ex.o
    0x08005167   0x08005167   0x00000001   PAD
    0x08005168   0x08005168   0x00000020   Data   RO         1675    Region$$Table       anon$$obj.o


    Execution Region RW_IRAM1 (Exec base: 0x20000000, Load base: 0x08005188, Size: 0x000042b8, Max: 0x00008000, ABSOLUTE)

    Exec Addr    Load Addr    Size         Type   Attr      Idx    E Section Name        Object

    0x20000000   0x08005188   0x00000004   Data   RW         1641    .data               mc_w.l(stdout.o)
    0x20000004   0x0800518c   0x00000008   Data   RW         1074    .data..L_MergedGlobals  stm32h5xx_hal.o
    0x2000000c   0x08005194   0x00000004   Data   RW          302    .data.COM_USART     custom.o
    0x20000010   0x08005198   0x00000004   Data   RW         1343    .data.SystemCoreClock  system_stm32h5xx.o
    0x20000014   0x0800519c   0x00000038   Data   RW          281    .data.VL53L4CD_RANGING_SENSOR_Driver  vl53l4cd.o
    0x2000004c   0x080051d4   0x00000004   PAD
    0x20000050        -       0x00000058   Zero   RW           66    .bss..L_MergedGlobals  custom_bus.o
    0x200000a8        -       0x00000034   Zero   RW          136    .bss..L_MergedGlobals  custom_ranging_sensor.o
    0x200000dc        -       0x0000003c   Zero   RW          150    .bss..L_MergedGlobals  app_tof.o
    0x20000118        -       0x00000001   Zero   RW          304    .bss.COM_ActiveLogPort  custom.o
    0x20000119        -       0x00000100   Zero   RW          238    .bss._I2CBuffer     platform.o
    0x20000219   0x080051d4   0x00000003   PAD
    0x2000021c        -       0x00000094   Zero   RW          303    .bss.hcom_uart      custom.o
    0x200002b0        -       0x00000004   Zero   RW         1073    .bss.uwTick         stm32h5xx_hal.o
    0x200002b4   0x080051d4   0x00000004   PAD
    0x200002b8        -       0x00004000   Zero   RW            1    STACK               startup_stm32h503xx.o


==============================================================================

Image component sizes


      Code (inc. data)   RO Data    RW Data    ZI Data      Debug   Object Name

       512        212          0          0         60       2710   app_tof.o
       338          0          0          4        149       9568   custom.o
       536          0          0          0         88      11437   custom_bus.o
       422          0          0          0         52       8039   custom_ranging_sensor.o
        92          0          0          0          0       2945   gpio.o
        34          0          0          0          0        693   icache.o
       230          0          0          0          0       4001   main.o
       354          0          0          0        256       4950   platform.o
        40         10        600          0      16384        912   startup_stm32h503xx.o
       324          0          0          8          4      12061   stm32h5xx_hal.o
       344          6          0          0          0      13552   stm32h5xx_hal_cortex.o
       672          0          0          0          0       5333   stm32h5xx_hal_gpio.o
      2200          0          0          0          0      57420   stm32h5xx_hal_i2c.o
       146          0          0          0          0       5865   stm32h5xx_hal_i2c_ex.o
        52          0          0          0          0       4077   stm32h5xx_hal_icache.o
         2          0          0          0          0        415   stm32h5xx_hal_msp.o
      2790         16          0          0          0      12209   stm32h5xx_hal_rcc.o
      4764         78          0          0          0      17377   stm32h5xx_hal_rcc_ex.o
      2398          0         24          0          0      39288   stm32h5xx_hal_uart.o
       334          0         16          0          0      11832   stm32h5xx_hal_uart_ex.o
        20          0          0          0          0       1179   stm32h5xx_it.o
       168          0         24          4          0       5371   system_stm32h5xx.o
       842          4          0         56          0       9825   vl53l4cd.o
      1112         28         91          0          0      13046   vl53l4cd_api.o

    ----------------------------------------------------------------------
     18840        354        788         72      17004     254105   Object Totals
         0          0         32          0          0          0   (incl. Generated)
       114          0          1          0         11          0   (incl. Padding)

    ----------------------------------------------------------------------

      Code (inc. data)   RO Data    RW Data    ZI Data      Debug   Library Member Name

         0          0          0          0          0          0   entry.o
         0          0          0          0          0          0   entry10a.o
         0          0          0          0          0          0   entry11a.o
         8          4          0          0          0          0   entry2.o
         4          0          0          0          0          0   entry5.o
         0          0          0          0          0          0   entry7b.o
         0          0          0          0          0          0   entry8b.o
         8          4          0          0          0          0   entry9a.o
        30          0          0          0          0          0   handlers.o
        36          8          0          0          0         68   init.o
        30          0          0          0          0         68   llshl.o
        32          0          0          0          0         68   llushr.o
        36          0          0          0          0        108   memseta.o
       866         14          0          0          0        352   printf6.o
        12          6          0          0          0         68   putchar.o
        36          6          0          0          0         80   puts.o
         0          0          0          4          0          0   stdout.o
        44          0          0          0          0         80   uidiv.o
        98          0          0          0          0         92   uldiv.o

    ----------------------------------------------------------------------
      1244         42          0          4          0        984   Library Totals
         4          0          0          0          0          0   (incl. Padding)

    ----------------------------------------------------------------------

      Code (inc. data)   RO Data    RW Data    ZI Data      Debug   Library Name

      1240         42          0          4          0        984   mc_w.l

    ----------------------------------------------------------------------
      1244         42          0          4          0        984   Library Totals

    ----------------------------------------------------------------------

==============================================================================


      Code (inc. data)   RO Data    RW Data    ZI Data      Debug   

     20084        396        788         76      17004     254385   Grand Totals
     20084        396        788         76      17004     254385   ELF Image Totals
     20084        396        788         76          0          0   ROM Totals

==============================================================================

    Total RO  Size (Code + RO Data)                20872 (  20.38kB)
    Total RW  Size (RW Data + ZI Data)             17080 (  16.68kB)
    Total ROM Size (Code + RO Data + RW Data)      20948 (  20.46kB)

==============================================================================

